Archive member included to satisfy reference by file (symbol)

d:/st/stm32cubeide_1.3.0/stm32cubeide/plugins/com.st.stm32cube.ide.mcu.externaltools.gnu-tools-for-stm32.7-2018-q2-update.win32_1.0.0.201904181610/tools/bin/../lib/gcc/arm-none-eabi/7.3.1/../../../../arm-none-eabi/lib/thumb/v7e-m/fpv4-sp/hard\libc_nano.a(lib_a-errno.o)
                              Core/Src/syscalls.o (__errno)
d:/st/stm32cubeide_1.3.0/stm32cubeide/plugins/com.st.stm32cube.ide.mcu.externaltools.gnu-tools-for-stm32.7-2018-q2-update.win32_1.0.0.201904181610/tools/bin/../lib/gcc/arm-none-eabi/7.3.1/../../../../arm-none-eabi/lib/thumb/v7e-m/fpv4-sp/hard\libc_nano.a(lib_a-exit.o)
                              d:/st/stm32cubeide_1.3.0/stm32cubeide/plugins/com.st.stm32cube.ide.mcu.externaltools.gnu-tools-for-stm32.7-2018-q2-update.win32_1.0.0.201904181610/tools/bin/../lib/gcc/arm-none-eabi/7.3.1/../../../../arm-none-eabi/lib/thumb/v7e-m/fpv4-sp/hard/crt0.o (exit)
d:/st/stm32cubeide_1.3.0/stm32cubeide/plugins/com.st.stm32cube.ide.mcu.externaltools.gnu-tools-for-stm32.7-2018-q2-update.win32_1.0.0.201904181610/tools/bin/../lib/gcc/arm-none-eabi/7.3.1/../../../../arm-none-eabi/lib/thumb/v7e-m/fpv4-sp/hard\libc_nano.a(lib_a-impure.o)
                              d:/st/stm32cubeide_1.3.0/stm32cubeide/plugins/com.st.stm32cube.ide.mcu.externaltools.gnu-tools-for-stm32.7-2018-q2-update.win32_1.0.0.201904181610/tools/bin/../lib/gcc/arm-none-eabi/7.3.1/../../../../arm-none-eabi/lib/thumb/v7e-m/fpv4-sp/hard\libc_nano.a(lib_a-exit.o) (_global_impure_ptr)
d:/st/stm32cubeide_1.3.0/stm32cubeide/plugins/com.st.stm32cube.ide.mcu.externaltools.gnu-tools-for-stm32.7-2018-q2-update.win32_1.0.0.201904181610/tools/bin/../lib/gcc/arm-none-eabi/7.3.1/../../../../arm-none-eabi/lib/thumb/v7e-m/fpv4-sp/hard\libc_nano.a(lib_a-init.o)
                              d:/st/stm32cubeide_1.3.0/stm32cubeide/plugins/com.st.stm32cube.ide.mcu.externaltools.gnu-tools-for-stm32.7-2018-q2-update.win32_1.0.0.201904181610/tools/bin/../lib/gcc/arm-none-eabi/7.3.1/../../../../arm-none-eabi/lib/thumb/v7e-m/fpv4-sp/hard/crt0.o (__libc_init_array)
d:/st/stm32cubeide_1.3.0/stm32cubeide/plugins/com.st.stm32cube.ide.mcu.externaltools.gnu-tools-for-stm32.7-2018-q2-update.win32_1.0.0.201904181610/tools/bin/../lib/gcc/arm-none-eabi/7.3.1/../../../../arm-none-eabi/lib/thumb/v7e-m/fpv4-sp/hard\libc_nano.a(lib_a-memset.o)
                              d:/st/stm32cubeide_1.3.0/stm32cubeide/plugins/com.st.stm32cube.ide.mcu.externaltools.gnu-tools-for-stm32.7-2018-q2-update.win32_1.0.0.201904181610/tools/bin/../lib/gcc/arm-none-eabi/7.3.1/../../../../arm-none-eabi/lib/thumb/v7e-m/fpv4-sp/hard/crt0.o (memset)
d:/st/stm32cubeide_1.3.0/stm32cubeide/plugins/com.st.stm32cube.ide.mcu.externaltools.gnu-tools-for-stm32.7-2018-q2-update.win32_1.0.0.201904181610/tools/bin/../lib/gcc/arm-none-eabi/7.3.1/../../../../arm-none-eabi/lib/thumb/v7e-m/fpv4-sp/hard\libc_nano.a(lib_a-rand.o)
                              Core/Src/main.o (srand)
d:/st/stm32cubeide_1.3.0/stm32cubeide/plugins/com.st.stm32cube.ide.mcu.externaltools.gnu-tools-for-stm32.7-2018-q2-update.win32_1.0.0.201904181610/tools/bin/../lib/gcc/arm-none-eabi/7.3.1/../../../../arm-none-eabi/lib/thumb/v7e-m/fpv4-sp/hard\libc_nano.a(lib_a-time.o)
                              Core/Src/main.o (time)
d:/st/stm32cubeide_1.3.0/stm32cubeide/plugins/com.st.stm32cube.ide.mcu.externaltools.gnu-tools-for-stm32.7-2018-q2-update.win32_1.0.0.201904181610/tools/bin/../lib/gcc/arm-none-eabi/7.3.1/../../../../arm-none-eabi/lib/thumb/v7e-m/fpv4-sp/hard\libc_nano.a(lib_a-gettimeofdayr.o)
                              d:/st/stm32cubeide_1.3.0/stm32cubeide/plugins/com.st.stm32cube.ide.mcu.externaltools.gnu-tools-for-stm32.7-2018-q2-update.win32_1.0.0.201904181610/tools/bin/../lib/gcc/arm-none-eabi/7.3.1/../../../../arm-none-eabi/lib/thumb/v7e-m/fpv4-sp/hard\libc_nano.a(lib_a-time.o) (_gettimeofday_r)
d:/st/stm32cubeide_1.3.0/stm32cubeide/plugins/com.st.stm32cube.ide.mcu.externaltools.gnu-tools-for-stm32.7-2018-q2-update.win32_1.0.0.201904181610/tools/bin/../lib/gcc/arm-none-eabi/7.3.1/../../../../arm-none-eabi/lib/thumb/v7e-m/fpv4-sp/hard\libc_nano.a(lib_a-malloc.o)
                              d:/st/stm32cubeide_1.3.0/stm32cubeide/plugins/com.st.stm32cube.ide.mcu.externaltools.gnu-tools-for-stm32.7-2018-q2-update.win32_1.0.0.201904181610/tools/bin/../lib/gcc/arm-none-eabi/7.3.1/../../../../arm-none-eabi/lib/thumb/v7e-m/fpv4-sp/hard\libc_nano.a(lib_a-rand.o) (malloc)
d:/st/stm32cubeide_1.3.0/stm32cubeide/plugins/com.st.stm32cube.ide.mcu.externaltools.gnu-tools-for-stm32.7-2018-q2-update.win32_1.0.0.201904181610/tools/bin/../lib/gcc/arm-none-eabi/7.3.1/../../../../arm-none-eabi/lib/thumb/v7e-m/fpv4-sp/hard\libc_nano.a(lib_a-nano-freer.o)
[...]
Memory Configuration

Name             Origin             Length             Attributes
RAM              0x0000000020000000 0x0000000000020000 xrw
FLASH            0x0000000008000000 0x0000000000080000 xr
*default*        0x0000000000000000 0xffffffffffffffff

Linker script and memory map

LOAD d:/st/stm32cubeide_1.3.0/stm32cubeide/plugins/com.st.stm32cube.ide.mcu.externaltools.gnu-tools-for-stm32.7-2018-q2-update.win32_1.0.0.201904181610/tools/bin/../lib/gcc/arm-none-eabi/7.3.1/thumb/v7e-m/fpv4-sp/hard/crti.o
LOAD d:/st/stm32cubeide_1.3.0/stm32cubeide/plugins/com.st.stm32cube.ide.mcu.externaltools.gnu-tools-for-stm32.7-2018-q2-update.win32_1.0.0.201904181610/tools/bin/../lib/gcc/arm-none-eabi/7.3.1/thumb/v7e-m/fpv4-sp/hard/crtbegin.o
LOAD d:/st/stm32cubeide_1.3.0/stm32cubeide/plugins/com.st.stm32cube.ide.mcu.externaltools.gnu-tools-for-stm32.7-2018-q2-update.win32_1.0.0.201904181610/tools/bin/../lib/gcc/arm-none-eabi/7.3.1/../../../../arm-none-eabi/lib/thumb/v7e-m/fpv4-sp/hard/crt0.o
LOAD Core/Src/Sprites.o
LOAD Core/Src/main.o
LOAD Core/Src/stm32f4xx_hal_msp.o
LOAD Core/Src/stm32f4xx_it.o
LOAD Core/Src/syscalls.o
LOAD Core/Src/sysmem.o
LOAD Core/Src/system_stm32f4xx.o
LOAD Core/Startup/startup_stm32f411vetx.o
LOAD Drivers/STM32F4xx_HAL_Driver/Src/stm32f4xx_hal.o
LOAD Drivers/STM32F4xx_HAL_Driver/Src/stm32f4xx_hal_cortex.o
LOAD Drivers/STM32F4xx_HAL_Driver/Src/stm32f4xx_hal_dma.o
LOAD Drivers/STM32F4xx_HAL_Driver/Src/stm32f4xx_hal_dma_ex.o
LOAD Drivers/STM32F4xx_HAL_Driver/Src/stm32f4xx_hal_exti.o
LOAD Drivers/STM32F4xx_HAL_Driver/Src/stm32f4xx_hal_flash.o
LOAD Drivers/STM32F4xx_HAL_Driver/Src/stm32f4xx_hal_flash_ex.o
LOAD Drivers/STM32F4xx_HAL_Driver/Src/stm32f4xx_hal_flash_ramfunc.o
LOAD Drivers/STM32F4xx_HAL_Driver/Src/stm32f4xx_hal_gpio.o
LOAD Drivers/STM32F4xx_HAL_Driver/Src/stm32f4xx_hal_i2s.o
LOAD Drivers/STM32F4xx_HAL_Driver/Src/stm32f4xx_hal_i2s_ex.o
LOAD Drivers/STM32F4xx_HAL_Driver/Src/stm32f4xx_hal_pwr.o
LOAD Drivers/STM32F4xx_HAL_Driver/Src/stm32f4xx_hal_pwr_ex.o
LOAD Drivers/STM32F4xx_HAL_Driver/Src/stm32f4xx_hal_rcc.o
LOAD Drivers/STM32F4xx_HAL_Driver/Src/stm32f4xx_hal_rcc_ex.o
LOAD Drivers/STM32F4xx_HAL_Driver/Src/stm32f4xx_hal_tim.o
LOAD Drivers/STM32F4xx_HAL_Driver/Src/stm32f4xx_hal_tim_ex.o
START GROUP
LOAD d:/st/stm32cubeide_1.3.0/stm32cubeide/plugins/com.st.stm32cube.ide.mcu.externaltools.gnu-tools-for-stm32.7-2018-q2-update.win32_1.0.0.201904181610/tools/bin/../lib/gcc/arm-none-eabi/7.3.1/../../../../arm-none-eabi/lib/thumb/v7e-m/fpv4-sp/hard\libc_nano.a
LOAD d:/st/stm32cubeide_1.3.0/stm32cubeide/plugins/com.st.stm32cube.ide.mcu.externaltools.gnu-tools-for-stm32.7-2018-q2-update.win32_1.0.0.201904181610/tools/bin/../lib/gcc/arm-none-eabi/7.3.1/../../../../arm-none-eabi/lib/thumb/v7e-m/fpv4-sp/hard\libm.a
END GROUP
START GROUP
LOAD d:/st/stm32cubeide_1.3.0/stm32cubeide/plugins/com.st.stm32cube.ide.mcu.externaltools.gnu-tools-for-stm32.7-2018-q2-update.win32_1.0.0.201904181610/tools/bin/../lib/gcc/arm-none-eabi/7.3.1/thumb/v7e-m/fpv4-sp/hard\libgcc.a
LOAD d:/st/stm32cubeide_1.3.0/stm32cubeide/plugins/com.st.stm32cube.ide.mcu.externaltools.gnu-tools-for-stm32.7-2018-q2-update.win32_1.0.0.201904181610/tools/bin/../lib/gcc/arm-none-eabi/7.3.1/../../../../arm-none-eabi/lib/thumb/v7e-m/fpv4-sp/hard\libc_nano.a
END GROUP
START GROUP
LOAD d:/st/stm32cubeide_1.3.0/stm32cubeide/plugins/com.st.stm32cube.ide.mcu.externaltools.gnu-tools-for-stm32.7-2018-q2-update.win32_1.0.0.201904181610/tools/bin/../lib/gcc/arm-none-eabi/7.3.1/thumb/v7e-m/fpv4-sp/hard\libgcc.a
LOAD d:/st/stm32cubeide_1.3.0/stm32cubeide/plugins/com.st.stm32cube.ide.mcu.externaltools.gnu-tools-for-stm32.7-2018-q2-update.win32_1.0.0.201904181610/tools/bin/../lib/gcc/arm-none-eabi/7.3.1/../../../../arm-none-eabi/lib/thumb/v7e-m/fpv4-sp/hard\libc_nano.a
LOAD d:/st/stm32cubeide_1.3.0/stm32cubeide/plugins/com.st.stm32cube.ide.mcu.externaltools.gnu-tools-for-stm32.7-2018-q2-update.win32_1.0.0.201904181610/tools/bin/../lib/gcc/arm-none-eabi/7.3.1/../../../../arm-none-eabi/lib/thumb/v7e-m/fpv4-sp/hard\libnosys.a
END GROUP
START GROUP
LOAD d:/st/stm32cubeide_1.3.0/stm32cubeide/plugins/com.st.stm32cube.ide.mcu.externaltools.gnu-tools-for-stm32.7-2018-q2-update.win32_1.0.0.201904181610/tools/bin/../lib/gcc/arm-none-eabi/7.3.1/thumb/v7e-m/fpv4-sp/hard\libgcc.a
LOAD d:/st/stm32cubeide_1.3.0/stm32cubeide/plugins/com.st.stm32cube.ide.mcu.externaltools.gnu-tools-for-stm32.7-2018-q2-update.win32_1.0.0.201904181610/tools/bin/../lib/gcc/arm-none-eabi/7.3.1/../../../../arm-none-eabi/lib/thumb/v7e-m/fpv4-sp/hard\libc_nano.a
LOAD d:/st/stm32cubeide_1.3.0/stm32cubeide/plugins/com.st.stm32cube.ide.mcu.externaltools.gnu-tools-for-stm32.7-2018-q2-update.win32_1.0.0.201904181610/tools/bin/../lib/gcc/arm-none-eabi/7.3.1/../../../../arm-none-eabi/lib/thumb/v7e-m/fpv4-sp/hard\libnosys.a
END GROUP
LOAD d:/st/stm32cubeide_1.3.0/stm32cubeide/plugins/com.st.stm32cube.ide.mcu.externaltools.gnu-tools-for-stm32.7-2018-q2-update.win32_1.0.0.201904181610/tools/bin/../lib/gcc/arm-none-eabi/7.3.1/thumb/v7e-m/fpv4-sp/hard/crtend.o
LOAD d:/st/stm32cubeide_1.3.0/stm32cubeide/plugins/com.st.stm32cube.ide.mcu.externaltools.gnu-tools-for-stm32.7-2018-q2-update.win32_1.0.0.201904181610/tools/bin/../lib/gcc/arm-none-eabi/7.3.1/thumb/v7e-m/fpv4-sp/hard/crtn.o
                0x0000000020020000                _estack = (ORIGIN (RAM) + LENGTH (RAM))
                0x0000000000000200                _Min_Heap_Size = 0x200
                0x0000000000000400                _Min_Stack_Size = 0x400

.isr_vector     0x0000000008000000      0x198
                0x0000000008000000                . = ALIGN (0x4)
 *(.isr_vector)
 .isr_vector    0x0000000008000000      0x198 Core/Startup/startup_stm32f411vetx.o
                0x0000000008000000                g_pfnVectors
                0x0000000008000198                . = ALIGN (0x4)

.text           0x0000000008000198     0x4434
                0x0000000008000198                . = ALIGN (0x4)
 *(.text)
 .text          0x0000000008000198       0x40 d:/st/stm32cubeide_1.3.0/stm32cubeide/plugins/com.st.stm32cube.ide.mcu.externaltools.gnu-tools-for-stm32.7-2018-q2-update.win32_1.0.0.201904181610/tools/bin/../lib/gcc/arm-none-eabi/7.3.1/thumb/v7e-m/fpv4-sp/hard/crtbegin.o
 .text          0x00000000080001d8       0x30 d:/st/stm32cubeide_1.3.0/stm32cubeide/plugins/com.st.stm32cube.ide.mcu.externaltools.gnu-tools-for-stm32.7-2018-q2-update.win32_1.0.0.201904181610/tools/bin/../lib/gcc/arm-none-eabi/7.3.1/thumb/v7e-m/fpv4-sp/hard\libgcc.a(_aeabi_uldivmod.o)
                0x00000000080001d8                __aeabi_uldivmod
 .text          0x0000000008000208      0x2cc d:/st/stm32cubeide_1.3.0/stm32cubeide/plugins/com.st.stm32cube.ide.mcu.externaltools.gnu-tools-for-stm32.7-2018-q2-update.win32_1.0.0.201904181610/tools/bin/../lib/gcc/arm-none-eabi/7.3.1/thumb/v7e-m/fpv4-sp/hard\libgcc.a(_udivmoddi4.o)
                0x0000000008000208                __udivmoddi4
 .text          0x00000000080004d4        0x4 d:/st/stm32cubeide_1.3.0/stm32cubeide/plugins/com.st.stm32cube.ide.mcu.externaltools.gnu-tools-for-stm32.7-2018-q2-update.win32_1.0.0.201904181610/tools/bin/../lib/gcc/arm-none-eabi/7.3.1/thumb/v7e-m/fpv4-sp/hard\libgcc.a(_dvmd_tls.o)
                0x00000000080004d4                __aeabi_idiv0
                0x00000000080004d4                __aeabi_ldiv0
 *(.text*)
 .text.Sprite2Mem
                0x00000000080004d8       0xd0 Core/Src/Sprites.o
                0x00000000080004d8                Sprite2Mem
 .text.LDRSprites
                0x00000000080005a8       0x58 Core/Src/Sprites.o
                0x00000000080005a8                LDRSprites
 .text.HAL_GPIO_EXTI_Callback
                0x0000000008000600       0xc8 Core/Src/main.o
                0x0000000008000600                HAL_GPIO_EXTI_Callback
 .text.displayscore
                0x00000000080006c8       0xb4 Core/Src/main.o
                0x00000000080006c8                displayscore
 .text.drawSprite
                0x000000000800077c       0x8e Core/Src/main.o
                0x000000000800077c                drawSprite
 .text.clearSprite
                0x000000000800080a       0x84 Core/Src/main.o
                0x000000000800080a                clearSprite
 *fill*         0x000000000800088e        0x2 
 .text.clearScreen
                0x0000000008000890       0x48 Core/Src/main.o
                0x0000000008000890                clearScreen
 .text.updateScreen
                0x00000000080008d8       0x80 Core/Src/main.o
                0x00000000080008d8                updateScreen
 .text.alienFire
                0x0000000008000958       0xcc Core/Src/main.o
                0x0000000008000958                alienFire
 .text.main     0x0000000008000a24      0xe7c Core/Src/main.o
                0x0000000008000a24                main
 .text.SystemClock_Config
                0x00000000080018a0      0x110 Core/Src/main.o
                0x00000000080018a0                SystemClock_Config
 .text.MX_I2S3_Init
                0x00000000080019b0       0x5c Core/Src/main.o
 .text.MX_DMA_Init
                0x0000000008001a0c       0xd8 Core/Src/main.o
 .text.MX_GPIO_Init
                0x0000000008001ae4      0x160 Core/Src/main.o
 .text.Error_Handler
                0x0000000008001c44        0xe Core/Src/main.o
                0x0000000008001c44                Error_Handler
 *fill*         0x0000000008001c52        0x2 
 .text.HAL_MspInit
                0x0000000008001c54       0x50 Core/Src/stm32f4xx_hal_msp.o
                0x0000000008001c54                HAL_MspInit
 .text.HAL_I2S_MspInit
                0x0000000008001ca4      0x138 Core/Src/stm32f4xx_hal_msp.o
                0x0000000008001ca4                HAL_I2S_MspInit
 .text.NMI_Handler
                0x0000000008001ddc        0xe Core/Src/stm32f4xx_it.o
                0x0000000008001ddc                NMI_Handler
 .text.HardFault_Handler
                0x0000000008001dea        0x6 Core/Src/stm32f4xx_it.o
                0x0000000008001dea                HardFault_Handler
 .text.MemManage_Handler
                0x0000000008001df0        0x6 Core/Src/stm32f4xx_it.o
                0x0000000008001df0                MemManage_Handler
 .text.BusFault_Handler
                0x0000000008001df6        0x6 Core/Src/stm32f4xx_it.o
                0x0000000008001df6                BusFault_Handler
 .text.UsageFault_Handler
                0x0000000008001dfc        0x6 Core/Src/stm32f4xx_it.o
                0x0000000008001dfc                UsageFault_Handler
 .text.SVC_Handler
                0x0000000008001e02        0xe Core/Src/stm32f4xx_it.o
                0x0000000008001e02                SVC_Handler
 .text.DebugMon_Handler
                0x0000000008001e10        0xe Core/Src/stm32f4xx_it.o
                0x0000000008001e10                DebugMon_Handler
 .text.PendSV_Handler
                0x0000000008001e1e        0xe Core/Src/stm32f4xx_it.o
                0x0000000008001e1e                PendSV_Handler
 .text.SysTick_Handler
                0x0000000008001e2c        0xc Core/Src/stm32f4xx_it.o
                0x0000000008001e2c                SysTick_Handler
 .text.EXTI0_IRQHandler
                0x0000000008001e38        0xe Core/Src/stm32f4xx_it.o
                0x0000000008001e38                EXTI0_IRQHandler
 .text.EXTI1_IRQHandler
                0x0000000008001e46        0xe Core/Src/stm32f4xx_it.o
                0x0000000008001e46                EXTI1_IRQHandler
 .text.EXTI2_IRQHandler
                0x0000000008001e54        0xe Core/Src/stm32f4xx_it.o
                0x0000000008001e54                EXTI2_IRQHandler
 .text.EXTI3_IRQHandler
                0x0000000008001e62        0xe Core/Src/stm32f4xx_it.o
                0x0000000008001e62                EXTI3_IRQHandler
 .text.EXTI4_IRQHandler
                0x0000000008001e70       0x18 Core/Src/stm32f4xx_it.o
                0x0000000008001e70                EXTI4_IRQHandler
 .text.DMA1_Stream5_IRQHandler
                0x0000000008001e88       0x14 Core/Src/stm32f4xx_it.o
                0x0000000008001e88                DMA1_Stream5_IRQHandler
 .text.EXTI9_5_IRQHandler
                0x0000000008001e9c       0x18 Core/Src/stm32f4xx_it.o
                0x0000000008001e9c                EXTI9_5_IRQHandler
 .text.EXTI15_10_IRQHandler
                0x0000000008001eb4       0x18 Core/Src/stm32f4xx_it.o
                0x0000000008001eb4                EXTI15_10_IRQHandler
 .text.DMA2_Stream0_IRQHandler
                0x0000000008001ecc       0x28 Core/Src/stm32f4xx_it.o
                0x0000000008001ecc                DMA2_Stream0_IRQHandler
 .text._sbrk    0x0000000008001ef4       0x58 Core/Src/sysmem.o
                0x0000000008001ef4                _sbrk
 .text.SystemInit
                0x0000000008001f4c       0x2c Core/Src/system_stm32f4xx.o
                0x0000000008001f4c                SystemInit
 .text.Reset_Handler
                0x0000000008001f78       0x50 Core/Startup/startup_stm32f411vetx.o
                0x0000000008001f78                Reset_Handler
 .text.Default_Handler
                0x0000000008001fc8        0x2 Core/Startup/startup_stm32f411vetx.o
                0x0000000008001fc8                RTC_Alarm_IRQHandler
                0x0000000008001fc8                SPI4_IRQHandler
                0x0000000008001fc8                TIM1_CC_IRQHandler
                0x0000000008001fc8                DMA2_Stream5_IRQHandler
                0x0000000008001fc8                PVD_IRQHandler
                0x0000000008001fc8                SDIO_IRQHandler
                0x0000000008001fc8                TAMP_STAMP_IRQHandler
                0x0000000008001fc8                TIM1_UP_TIM10_IRQHandler
                0x0000000008001fc8                I2C3_ER_IRQHandler
                0x0000000008001fc8                I2C2_EV_IRQHandler
                0x0000000008001fc8                DMA1_Stream2_IRQHandler
                0x0000000008001fc8                FPU_IRQHandler
                0x0000000008001fc8                DMA2_Stream2_IRQHandler
                0x0000000008001fc8                SPI1_IRQHandler
                0x0000000008001fc8                TIM1_BRK_TIM9_IRQHandler
                0x0000000008001fc8                DMA2_Stream3_IRQHandler
                0x0000000008001fc8                USART6_IRQHandler
                0x0000000008001fc8                TIM4_IRQHandler
                0x0000000008001fc8                I2C1_EV_IRQHandler
                0x0000000008001fc8                DMA1_Stream6_IRQHandler
                0x0000000008001fc8                DMA1_Stream1_IRQHandler
                0x0000000008001fc8                TIM3_IRQHandler
                0x0000000008001fc8                RCC_IRQHandler
                0x0000000008001fc8                Default_Handler
                0x0000000008001fc8                ADC_IRQHandler
                0x0000000008001fc8                DMA1_Stream7_IRQHandler
                0x0000000008001fc8                SPI5_IRQHandler
                0x0000000008001fc8                TIM5_IRQHandler
                0x0000000008001fc8                DMA2_Stream7_IRQHandler
                0x0000000008001fc8                I2C3_EV_IRQHandler
                0x0000000008001fc8                RTC_WKUP_IRQHandler
                0x0000000008001fc8                SPI2_IRQHandler
                0x0000000008001fc8                DMA1_Stream0_IRQHandler
                0x0000000008001fc8                WWDG_IRQHandler
                0x0000000008001fc8                TIM2_IRQHandler
                0x0000000008001fc8                OTG_FS_WKUP_IRQHandler
                0x0000000008001fc8                TIM1_TRG_COM_TIM11_IRQHandler
                0x0000000008001fc8                USART2_IRQHandler
                0x0000000008001fc8                I2C2_ER_IRQHandler
                0x0000000008001fc8                DMA2_Stream1_IRQHandler
                0x0000000008001fc8                FLASH_IRQHandler
                0x0000000008001fc8                DMA2_Stream4_IRQHandler
                0x0000000008001fc8                USART1_IRQHandler
                0x0000000008001fc8                OTG_FS_IRQHandler
                0x0000000008001fc8                SPI3_IRQHandler
                0x0000000008001fc8                DMA1_Stream4_IRQHandler
                0x0000000008001fc8                I2C1_ER_IRQHandler
                0x0000000008001fc8                DMA2_Stream6_IRQHandler
                0x0000000008001fc8                DMA1_Stream3_IRQHandler
 *fill*         0x0000000008001fca        0x2 
 .text.HAL_Init
                0x0000000008001fcc       0x44 Drivers/STM32F4xx_HAL_Driver/Src/stm32f4xx_hal.o
                0x0000000008001fcc                HAL_Init
 .text.HAL_InitTick
                0x0000000008002010       0x60 Drivers/STM32F4xx_HAL_Driver/Src/stm32f4xx_hal.o
                0x0000000008002010                HAL_InitTick
 .text.HAL_IncTick
                0x0000000008002070       0x28 Drivers/STM32F4xx_HAL_Driver/Src/stm32f4xx_hal.o
                0x0000000008002070                HAL_IncTick
 .text.HAL_GetTick
                0x0000000008002098       0x18 Drivers/STM32F4xx_HAL_Driver/Src/stm32f4xx_hal.o
                0x0000000008002098                HAL_GetTick
 .text.HAL_Delay
                0x00000000080020b0       0x44 Drivers/STM32F4xx_HAL_Driver/Src/stm32f4xx_hal.o
                0x00000000080020b0                HAL_Delay
 .text.__NVIC_SetPriorityGrouping
                0x00000000080020f4       0x48 Drivers/STM32F4xx_HAL_Driver/Src/stm32f4xx_hal_cortex.o
 .text.__NVIC_GetPriorityGrouping
                0x000000000800213c       0x1c Drivers/STM32F4xx_HAL_Driver/Src/stm32f4xx_hal_cortex.o
 .text.__NVIC_EnableIRQ
                0x0000000008002158       0x3c Drivers/STM32F4xx_HAL_Driver/Src/stm32f4xx_hal_cortex.o
 .text.__NVIC_SetPriority
                0x0000000008002194       0x54 Drivers/STM32F4xx_HAL_Driver/Src/stm32f4xx_hal_cortex.o
 .text.NVIC_EncodePriority
                0x00000000080021e8       0x66 Drivers/STM32F4xx_HAL_Driver/Src/stm32f4xx_hal_cortex.o
 *fill*         0x000000000800224e        0x2 
 .text.SysTick_Config
                0x0000000008002250       0x44 Drivers/STM32F4xx_HAL_Driver/Src/stm32f4xx_hal_cortex.o
 .text.HAL_NVIC_SetPriorityGrouping
                0x0000000008002294       0x16 Drivers/STM32F4xx_HAL_Driver/Src/stm32f4xx_hal_cortex.o
                0x0000000008002294                HAL_NVIC_SetPriorityGrouping
 .text.HAL_NVIC_SetPriority
                0x00000000080022aa       0x38 Drivers/STM32F4xx_HAL_Driver/Src/stm32f4xx_hal_cortex.o
                0x00000000080022aa                HAL_NVIC_SetPriority
 .text.HAL_NVIC_EnableIRQ
                0x00000000080022e2       0x1c Drivers/STM32F4xx_HAL_Driver/Src/stm32f4xx_hal_cortex.o
                0x00000000080022e2                HAL_NVIC_EnableIRQ
 .text.HAL_SYSTICK_Config
                0x00000000080022fe       0x18 Drivers/STM32F4xx_HAL_Driver/Src/stm32f4xx_hal_cortex.o
                0x00000000080022fe                HAL_SYSTICK_Config
 *fill*         0x0000000008002316        0x2 
 .text.HAL_DMA_Init
                0x0000000008002318      0x15c Drivers/STM32F4xx_HAL_Driver/Src/stm32f4xx_hal_dma.o
                0x0000000008002318                HAL_DMA_Init
 .text.HAL_DMA_Start_IT
                0x0000000008002474       0xb0 Drivers/STM32F4xx_HAL_Driver/Src/stm32f4xx_hal_dma.o
                0x0000000008002474                HAL_DMA_Start_IT
 .text.HAL_DMA_IRQHandler
                0x0000000008002524      0x314 Drivers/STM32F4xx_HAL_Driver/Src/stm32f4xx_hal_dma.o
                0x0000000008002524                HAL_DMA_IRQHandler
 .text.DMA_SetConfig
                0x0000000008002838       0x5c Drivers/STM32F4xx_HAL_Driver/Src/stm32f4xx_hal_dma.o
 .text.DMA_CalcBaseAndBitshift
                0x0000000008002894       0x6c Drivers/STM32F4xx_HAL_Driver/Src/stm32f4xx_hal_dma.o
 .text.DMA_CheckFifoParam
                0x0000000008002900       0xf4 Drivers/STM32F4xx_HAL_Driver/Src/stm32f4xx_hal_dma.o
 .text.HAL_GPIO_Init
                0x00000000080029f4      0x304 Drivers/STM32F4xx_HAL_Driver/Src/stm32f4xx_hal_gpio.o
                0x00000000080029f4                HAL_GPIO_Init
 .text.HAL_GPIO_ReadPin
                0x0000000008002cf8       0x30 Drivers/STM32F4xx_HAL_Driver/Src/stm32f4xx_hal_gpio.o
                0x0000000008002cf8                HAL_GPIO_ReadPin
 .text.HAL_GPIO_EXTI_IRQHandler
                0x0000000008002d28       0x30 Drivers/STM32F4xx_HAL_Driver/Src/stm32f4xx_hal_gpio.o
                0x0000000008002d28                HAL_GPIO_EXTI_IRQHandler
 .text.HAL_I2S_Init
                0x0000000008002d58      0x280 Drivers/STM32F4xx_HAL_Driver/Src/stm32f4xx_hal_i2s.o
                0x0000000008002d58                HAL_I2S_Init
 .text.HAL_I2S_Transmit_DMA
                0x0000000008002fd8      0x150 Drivers/STM32F4xx_HAL_Driver/Src/stm32f4xx_hal_i2s.o
                0x0000000008002fd8                HAL_I2S_Transmit_DMA
 .text.HAL_I2S_TxHalfCpltCallback
                0x0000000008003128       0x14 Drivers/STM32F4xx_HAL_Driver/Src/stm32f4xx_hal_i2s.o
                0x0000000008003128                HAL_I2S_TxHalfCpltCallback
 .text.HAL_I2S_TxCpltCallback
                0x000000000800313c       0x14 Drivers/STM32F4xx_HAL_Driver/Src/stm32f4xx_hal_i2s.o
                0x000000000800313c                HAL_I2S_TxCpltCallback
 .text.HAL_I2S_RxCpltCallback
                0x0000000008003150       0x14 Drivers/STM32F4xx_HAL_Driver/Src/stm32f4xx_hal_i2s.o
                0x0000000008003150                HAL_I2S_RxCpltCallback
 .text.HAL_I2S_ErrorCallback
                0x0000000008003164       0x14 Drivers/STM32F4xx_HAL_Driver/Src/stm32f4xx_hal_i2s.o
                0x0000000008003164                HAL_I2S_ErrorCallback
 .text.I2S_DMATxCplt
                0x0000000008003178       0x42 Drivers/STM32F4xx_HAL_Driver/Src/stm32f4xx_hal_i2s.o
 .text.I2S_DMATxHalfCplt
                0x00000000080031ba       0x1c Drivers/STM32F4xx_HAL_Driver/Src/stm32f4xx_hal_i2s.o
 .text.I2S_DMAError
                0x00000000080031d6       0x4c Drivers/STM32F4xx_HAL_Driver/Src/stm32f4xx_hal_i2s.o
 .text.I2S_Transmit_IT
                0x0000000008003222       0x5c Drivers/STM32F4xx_HAL_Driver/Src/stm32f4xx_hal_i2s.o
 .text.I2S_Receive_IT
                0x000000000800327e       0x5e Drivers/STM32F4xx_HAL_Driver/Src/stm32f4xx_hal_i2s.o
 .text.I2S_IRQHandler
                0x00000000080032dc      0x114 Drivers/STM32F4xx_HAL_Driver/Src/stm32f4xx_hal_i2s.o
 .text.HAL_I2SEx_FullDuplex_IRQHandler
                0x00000000080033f0      0x2a8 Drivers/STM32F4xx_HAL_Driver/Src/stm32f4xx_hal_i2s_ex.o
                0x00000000080033f0                HAL_I2SEx_FullDuplex_IRQHandler
 .text.HAL_I2SEx_TxRxCpltCallback
                0x0000000008003698       0x14 Drivers/STM32F4xx_HAL_Driver/Src/stm32f4xx_hal_i2s_ex.o
                0x0000000008003698                HAL_I2SEx_TxRxCpltCallback
 .text.I2SEx_TxISR_I2S
                0x00000000080036ac       0x62 Drivers/STM32F4xx_HAL_Driver/Src/stm32f4xx_hal_i2s_ex.o
 *fill*         0x000000000800370e        0x2 
 .text.I2SEx_TxISR_I2SExt
                0x0000000008003710       0x98 Drivers/STM32F4xx_HAL_Driver/Src/stm32f4xx_hal_i2s_ex.o
 .text.I2SEx_RxISR_I2S
                0x00000000080037a8       0x64 Drivers/STM32F4xx_HAL_Driver/Src/stm32f4xx_hal_i2s_ex.o
 .text.I2SEx_RxISR_I2SExt
                0x000000000800380c       0x98 Drivers/STM32F4xx_HAL_Driver/Src/stm32f4xx_hal_i2s_ex.o
 .text.HAL_RCC_OscConfig
                0x00000000080038a4      0x4e0 Drivers/STM32F4xx_HAL_Driver/Src/stm32f4xx_hal_rcc.o
                0x00000000080038a4                HAL_RCC_OscConfig
 .text.HAL_RCC_ClockConfig
                0x0000000008003d84      0x1cc Drivers/STM32F4xx_HAL_Driver/Src/stm32f4xx_hal_rcc.o
                0x0000000008003d84                HAL_RCC_ClockConfig
 .text.HAL_RCC_GetSysClockFreq
                0x0000000008003f50      0x164 Drivers/STM32F4xx_HAL_Driver/Src/stm32f4xx_hal_rcc.o
                0x0000000008003f50                HAL_RCC_GetSysClockFreq
 .text.HAL_RCCEx_PeriphCLKConfig
                0x00000000080040b4      0x1e0 Drivers/STM32F4xx_HAL_Driver/Src/stm32f4xx_hal_rcc_ex.o
                0x00000000080040b4                HAL_RCCEx_PeriphCLKConfig
 .text.HAL_RCCEx_GetPeriphCLKFreq
                0x0000000008004294       0xbc Drivers/STM32F4xx_HAL_Driver/Src/stm32f4xx_hal_rcc_ex.o
                0x0000000008004294                HAL_RCCEx_GetPeriphCLKFreq
 .text.__errno  0x0000000008004350        0xc d:/st/stm32cubeide_1.3.0/stm32cubeide/plugins/com.st.stm32cube.ide.mcu.externaltools.gnu-tools-for-stm32.7-2018-q2-update.win32_1.0.0.201904181610/tools/bin/../lib/gcc/arm-none-eabi/7.3.1/../../../../arm-none-eabi/lib/thumb/v7e-m/fpv4-sp/hard\libc_nano.a(lib_a-errno.o)
                0x0000000008004350                __errno
 .text.__libc_init_array
                0x000000000800435c       0x48 d:/st/stm32cubeide_1.3.0/stm32cubeide/plugins/com.st.stm32cube.ide.mcu.externaltools.gnu-tools-for-stm32.7-2018-q2-update.win32_1.0.0.201904181610/tools/bin/../lib/gcc/arm-none-eabi/7.3.1/../../../../arm-none-eabi/lib/thumb/v7e-m/fpv4-sp/hard\libc_nano.a(lib_a-init.o)
                0x000000000800435c                __libc_init_array
 .text.memset   0x00000000080043a4       0x10 d:/st/stm32cubeide_1.3.0/stm32cubeide/plugins/com.st.stm32cube.ide.mcu.externaltools.gnu-tools-for-stm32.7-2018-q2-update.win32_1.0.0.201904181610/tools/bin/../lib/gcc/arm-none-eabi/7.3.1/../../../../arm-none-eabi/lib/thumb/v7e-m/fpv4-sp/hard\libc_nano.a(lib_a-memset.o)
                0x00000000080043a4                memset
 .text.srand    0x00000000080043b4       0x48 d:/st/stm32cubeide_1.3.0/stm32cubeide/plugins/com.st.stm32cube.ide.mcu.externaltools.gnu-tools-for-stm32.7-2018-q2-update.win32_1.0.0.201904181610/tools/bin/../lib/gcc/arm-none-eabi/7.3.1/../../../../arm-none-eabi/lib/thumb/v7e-m/fpv4-sp/hard\libc_nano.a(lib_a-rand.o)
                0x00000000080043b4                srand
 .text.rand     0x00000000080043fc       0x68 d:/st/stm32cubeide_1.3.0/stm32cubeide/plugins/com.st.stm32cube.ide.mcu.externaltools.gnu-tools-for-stm32.7-2018-q2-update.win32_1.0.0.201904181610/tools/bin/../lib/gcc/arm-none-eabi/7.3.1/../../../../arm-none-eabi/lib/thumb/v7e-m/fpv4-sp/hard\libc_nano.a(lib_a-rand.o)
                0x00000000080043fc                rand
 .text.time     0x0000000008004464       0x34 d:/st/stm32cubeide_1.3.0/stm32cubeide/plugins/com.st.stm32cube.ide.mcu.externaltools.gnu-tools-for-stm32.7-2018-q2-update.win32_1.0.0.201904181610/tools/bin/../lib/gcc/arm-none-eabi/7.3.1/../../../../arm-none-eabi/lib/thumb/v7e-m/fpv4-sp/hard\libc_nano.a(lib_a-time.o)
                0x0000000008004464                time
 .text._gettimeofday_r
                0x0000000008004498       0x24 d:/st/stm32cubeide_1.3.0/stm32cubeide/plugins/com.st.stm32cube.ide.mcu.externaltools.gnu-tools-for-stm32.7-2018-q2-update.win32_1.0.0.201904181610/tools/bin/../lib/gcc/arm-none-eabi/7.3.1/../../../../arm-none-eabi/lib/thumb/v7e-m/fpv4-sp/hard\libc_nano.a(lib_a-gettimeofdayr.o)
                0x0000000008004498                _gettimeofday_r
 .text.malloc   0x00000000080044bc       0x10 d:/st/stm32cubeide_1.3.0/stm32cubeide/plugins/com.st.stm32cube.ide.mcu.externaltools.gnu-tools-for-stm32.7-2018-q2-update.win32_1.0.0.201904181610/tools/bin/../lib/gcc/arm-none-eabi/7.3.1/../../../../arm-none-eabi/lib/thumb/v7e-m/fpv4-sp/hard\libc_nano.a(lib_a-malloc.o)
                0x00000000080044bc                malloc
 .text._malloc_r
                0x00000000080044cc       0xb4 d:/st/stm32cubeide_1.3.0/stm32cubeide/plugins/com.st.stm32cube.ide.mcu.externaltools.gnu-tools-for-stm32.7-2018-q2-update.win32_1.0.0.201904181610/tools/bin/../lib/gcc/arm-none-eabi/7.3.1/../../../../arm-none-eabi/lib/thumb/v7e-m/fpv4-sp/hard\libc_nano.a(lib_a-nano-mallocr.o)
                0x00000000080044cc                _malloc_r
 .text._sbrk_r  0x0000000008004580       0x20 d:/st/stm32cubeide_1.3.0/stm32cubeide/plugins/com.st.stm32cube.ide.mcu.externaltools.gnu-tools-for-stm32.7-2018-q2-update.win32_1.0.0.201904181610/tools/bin/../lib/gcc/arm-none-eabi/7.3.1/../../../../arm-none-eabi/lib/thumb/v7e-m/fpv4-sp/hard\libc_nano.a(lib_a-sbrkr.o)
                0x0000000008004580                _sbrk_r
 .text.__malloc_lock
                0x00000000080045a0        0x2 d:/st/stm32cubeide_1.3.0/stm32cubeide/plugins/com.st.stm32cube.ide.mcu.externaltools.gnu-tools-for-stm32.7-2018-q2-update.win32_1.0.0.201904181610/tools/bin/../lib/gcc/arm-none-eabi/7.3.1/../../../../arm-none-eabi/lib/thumb/v7e-m/fpv4-sp/hard\libc_nano.a(lib_a-mlock.o)
                0x00000000080045a0                __malloc_lock
 .text.__malloc_unlock
                0x00000000080045a2        0x2 d:/st/stm32cubeide_1.3.0/stm32cubeide/plugins/com.st.stm32cube.ide.mcu.externaltools.gnu-tools-for-stm32.7-2018-q2-update.win32_1.0.0.201904181610/tools/bin/../lib/gcc/arm-none-eabi/7.3.1/../../../../arm-none-eabi/lib/thumb/v7e-m/fpv4-sp/hard\libc_nano.a(lib_a-mlock.o)
                0x00000000080045a2                __malloc_unlock
 .text._gettimeofday
                0x00000000080045a4       0x10 d:/st/stm32cubeide_1.3.0/stm32cubeide/plugins/com.st.stm32cube.ide.mcu.externaltools.gnu-tools-for-stm32.7-2018-q2-update.win32_1.0.0.201904181610/tools/bin/../lib/gcc/arm-none-eabi/7.3.1/../../../../arm-none-eabi/lib/thumb/v7e-m/fpv4-sp/hard\libnosys.a(gettod.o)
                0x00000000080045a4                _gettimeofday
 *(.glue_7)
 .glue_7        0x00000000080045b4        0x0 linker stubs
 *(.glue_7t)
 .glue_7t       0x00000000080045b4        0x0 linker stubs
 *(.eh_frame)
 .eh_frame      0x00000000080045b4        0x0 d:/st/stm32cubeide_1.3.0/stm32cubeide/plugins/com.st.stm32cube.ide.mcu.externaltools.gnu-tools-for-stm32.7-2018-q2-update.win32_1.0.0.201904181610/tools/bin/../lib/gcc/arm-none-eabi/7.3.1/thumb/v7e-m/fpv4-sp/hard/crtbegin.o
 *(.init)
 .init          0x00000000080045b4        0x4 d:/st/stm32cubeide_1.3.0/stm32cubeide/plugins/com.st.stm32cube.ide.mcu.externaltools.gnu-tools-for-stm32.7-2018-q2-update.win32_1.0.0.201904181610/tools/bin/../lib/gcc/arm-none-eabi/7.3.1/thumb/v7e-m/fpv4-sp/hard/crti.o
                0x00000000080045b4                _init
 .init          0x00000000080045b8        0x8 d:/st/stm32cubeide_1.3.0/stm32cubeide/plugins/com.st.stm32cube.ide.mcu.externaltools.gnu-tools-for-stm32.7-2018-q2-update.win32_1.0.0.201904181610/tools/bin/../lib/gcc/arm-none-eabi/7.3.1/thumb/v7e-m/fpv4-sp/hard/crtn.o
 *(.fini)
 .fini          0x00000000080045c0        0x4 d:/st/stm32cubeide_1.3.0/stm32cubeide/plugins/com.st.stm32cube.ide.mcu.externaltools.gnu-tools-for-stm32.7-2018-q2-update.win32_1.0.0.201904181610/tools/bin/../lib/gcc/arm-none-eabi/7.3.1/thumb/v7e-m/fpv4-sp/hard/crti.o
                0x00000000080045c0                _fini
 .fini          0x00000000080045c4        0x8 d:/st/stm32cubeide_1.3.0/stm32cubeide/plugins/com.st.stm32cube.ide.mcu.externaltools.gnu-tools-for-stm32.7-2018-q2-update.win32_1.0.0.201904181610/tools/bin/../lib/gcc/arm-none-eabi/7.3.1/thumb/v7e-m/fpv4-sp/hard/crtn.o
                0x00000000080045cc                . = ALIGN (0x4)
                0x00000000080045cc                _etext = .

.vfp11_veneer   0x00000000080045cc        0x0
 .vfp11_veneer  0x00000000080045cc        0x0 linker stubs

.v4_bx          0x00000000080045cc        0x0
 .v4_bx         0x00000000080045cc        0x0 linker stubs

.iplt           0x00000000080045cc        0x0
 .iplt          0x00000000080045cc        0x0 d:/st/stm32cubeide_1.3.0/stm32cubeide/plugins/com.st.stm32cube.ide.mcu.externaltools.gnu-tools-for-stm32.7-2018-q2-update.win32_1.0.0.201904181610/tools/bin/../lib/gcc/arm-none-eabi/7.3.1/thumb/v7e-m/fpv4-sp/hard/crtbegin.o

.rodata         0x00000000080045cc    0x5c8a8
                0x00000000080045cc                . = ALIGN (0x4)
 *(.rodata)
 *(.rodata*)
 .rodata.digits
                0x00000000080045cc      0x2d0 Core/Src/main.o
 .rodata.shootaudio
                0x000000000800489c    0x13880 Core/Src/main.o
 .rodata.deadaudio
                0x000000000801811c    0x21b22 Core/Src/main.o
 *fill*         0x0000000008039c3e        0x2 
 .rodata.gameoveraudio
                0x0000000008039c40    0x23ea4 Core/Src/main.o
 .rodata.hitaudio
                0x000000000805dae4     0x3376 Core/Src/main.o
 *fill*         0x0000000008060e5a        0x2 
 .rodata.AHBPrescTable
                0x0000000008060e5c       0x10 Core/Src/system_stm32f4xx.o
                0x0000000008060e5c                AHBPrescTable
 .rodata.flagBitshiftOffset.7453
                0x0000000008060e6c        0x8 Drivers/STM32F4xx_HAL_Driver/Src/stm32f4xx_hal_dma.o
                0x0000000008060e74                . = ALIGN (0x4)

.ARM.extab      0x0000000008060e74        0x0
                0x0000000008060e74                . = ALIGN (0x4)
 *(.ARM.extab* .gnu.linkonce.armextab.*)
                0x0000000008060e74                . = ALIGN (0x4)

.ARM            0x0000000008060e74        0x8
                0x0000000008060e74                . = ALIGN (0x4)
                0x0000000008060e74                __exidx_start = .
 *(.ARM.exidx*)
 .ARM.exidx     0x0000000008060e74        0x8 d:/st/stm32cubeide_1.3.0/stm32cubeide/plugins/com.st.stm32cube.ide.mcu.externaltools.gnu-tools-for-stm32.7-2018-q2-update.win32_1.0.0.201904181610/tools/bin/../lib/gcc/arm-none-eabi/7.3.1/thumb/v7e-m/fpv4-sp/hard\libgcc.a(_udivmoddi4.o)
                0x0000000008060e7c                __exidx_end = .
                0x0000000008060e7c                . = ALIGN (0x4)

.rel.dyn        0x0000000008060e7c        0x0
 .rel.iplt      0x0000000008060e7c        0x0 d:/st/stm32cubeide_1.3.0/stm32cubeide/plugins/com.st.stm32cube.ide.mcu.externaltools.gnu-tools-for-stm32.7-2018-q2-update.win32_1.0.0.201904181610/tools/bin/../lib/gcc/arm-none-eabi/7.3.1/thumb/v7e-m/fpv4-sp/hard/crtbegin.o

.preinit_array  0x0000000008060e7c        0x0
                0x0000000008060e7c                . = ALIGN (0x4)
                0x0000000008060e7c                PROVIDE (__preinit_array_start = .)
 *(.preinit_array*)
                0x0000000008060e7c                PROVIDE (__preinit_array_end = .)
                0x0000000008060e7c                . = ALIGN (0x4)

.init_array     0x0000000008060e7c        0x4
                0x0000000008060e7c                . = ALIGN (0x4)
                0x0000000008060e7c                PROVIDE (__init_array_start = .)
 *(SORT_BY_NAME(.init_array.*))
 *(.init_array*)
 .init_array    0x0000000008060e7c        0x4 d:/st/stm32cubeide_1.3.0/stm32cubeide/plugins/com.st.stm32cube.ide.mcu.externaltools.gnu-tools-for-stm32.7-2018-q2-update.win32_1.0.0.201904181610/tools/bin/../lib/gcc/arm-none-eabi/7.3.1/thumb/v7e-m/fpv4-sp/hard/crtbegin.o
                0x0000000008060e80                PROVIDE (__init_array_end = .)
                0x0000000008060e80                . = ALIGN (0x4)

.fini_array     0x0000000008060e80        0x4
                0x0000000008060e80                . = ALIGN (0x4)
                [!provide]                        PROVIDE (__fini_array_start = .)
 *(SORT_BY_NAME(.fini_array.*))
 *(.fini_array*)
 .fini_array    0x0000000008060e80        0x4 d:/st/stm32cubeide_1.3.0/stm32cubeide/plugins/com.st.stm32cube.ide.mcu.externaltools.gnu-tools-for-stm32.7-2018-q2-update.win32_1.0.0.201904181610/tools/bin/../lib/gcc/arm-none-eabi/7.3.1/thumb/v7e-m/fpv4-sp/hard/crtbegin.o
                [!provide]                        PROVIDE (__fini_array_end = .)
                0x0000000008060e84                . = ALIGN (0x4)
                0x0000000008060e84                _sidata = LOADADDR (.data)

.data           0x0000000020000000    0x1d0d8 load address 0x0000000008060e84
                0x0000000020000000                . = ALIGN (0x4)
                0x0000000020000000                _sdata = .
 *(.data)
 *(.data*)
 .data.Invader1
                0x0000000020000000       0x60 Core/Src/Sprites.o
                0x0000000020000000                Invader1
 .data.Invader2
                0x0000000020000060       0x40 Core/Src/Sprites.o
                0x0000000020000060                Invader2
 .data.Invader3
                0x00000000200000a0       0x60 Core/Src/Sprites.o
                0x00000000200000a0                Invader3
 .data.Ship     0x0000000020000100       0x58 Core/Src/Sprites.o
                0x0000000020000100                Ship
 .data.test3    0x0000000020000158       0x60 Core/Src/main.o
                0x0000000020000158                test3
 .data.bunkerA  0x00000000200001b8       0x10 Core/Src/main.o
                0x00000000200001b8                bunkerA
 .data.bunkerA2
                0x00000000200001c8       0x10 Core/Src/main.o
                0x00000000200001c8                bunkerA2
 .data.shooter2
                0x00000000200001d8      0x228 Core/Src/main.o
                0x00000000200001d8                shooter2
 .data.lives1   0x0000000020000400      0x270 Core/Src/main.o
                0x0000000020000400                lives1
 .data.shooterdead
                0x0000000020000670      0x3e0 Core/Src/main.o
                0x0000000020000670                shooterdead
 .data.laser    0x0000000020000a50       0x20 Core/Src/main.o
                0x0000000020000a50                laser
 .data.background
                0x0000000020000a70     0xfa00 Core/Src/main.o
                0x0000000020000a70                background
 .data.gameover
                0x0000000020010470     0xc940 Core/Src/main.o
                0x0000000020010470                gameover
 .data.scoretext2
                0x000000002001cdb0      0x2a4 Core/Src/main.o
                0x000000002001cdb0                scoretext2
 .data.amove    0x000000002001d054        0x4 Core/Src/main.o
                0x000000002001d054                amove
 .data.lives    0x000000002001d058        0x4 Core/Src/main.o
                0x000000002001d058                lives
 .data.aliensize
                0x000000002001d05c        0x4 Core/Src/main.o
                0x000000002001d05c                aliensize
 .data.Xpos     0x000000002001d060        0x4 Core/Src/main.o
                0x000000002001d060                Xpos
 .data.Ypos     0x000000002001d064        0x4 Core/Src/main.o
                0x000000002001d064                Ypos
 .data.SystemCoreClock
                0x000000002001d068        0x4 Core/Src/system_stm32f4xx.o
                0x000000002001d068                SystemCoreClock
 .data.uwTickPrio
                0x000000002001d06c        0x4 Drivers/STM32F4xx_HAL_Driver/Src/stm32f4xx_hal.o
                0x000000002001d06c                uwTickPrio
 .data.uwTickFreq
                0x000000002001d070        0x1 Drivers/STM32F4xx_HAL_Driver/Src/stm32f4xx_hal.o
                0x000000002001d070                uwTickFreq
 *fill*         0x000000002001d071        0x3 
 .data._impure_ptr
                0x000000002001d074        0x4 d:/st/stm32cubeide_1.3.0/stm32cubeide/plugins/com.st.stm32cube.ide.mcu.externaltools.gnu-tools-for-stm32.7-2018-q2-update.win32_1.0.0.201904181610/tools/bin/../lib/gcc/arm-none-eabi/7.3.1/../../../../arm-none-eabi/lib/thumb/v7e-m/fpv4-sp/hard\libc_nano.a(lib_a-impure.o)
                0x000000002001d074                _impure_ptr
 .data.impure_data
                0x000000002001d078       0x60 d:/st/stm32cubeide_1.3.0/stm32cubeide/plugins/com.st.stm32cube.ide.mcu.externaltools.gnu-tools-for-stm32.7-2018-q2-update.win32_1.0.0.201904181610/tools/bin/../lib/gcc/arm-none-eabi/7.3.1/../../../../arm-none-eabi/lib/thumb/v7e-m/fpv4-sp/hard\libc_nano.a(lib_a-impure.o)
                0x000000002001d0d8                . = ALIGN (0x4)
                0x000000002001d0d8                _edata = .

.igot.plt       0x000000002001d0d8        0x0 load address 0x000000000807df5c
 .igot.plt      0x000000002001d0d8        0x0 d:/st/stm32cubeide_1.3.0/stm32cubeide/plugins/com.st.stm32cube.ide.mcu.externaltools.gnu-tools-for-stm32.7-2018-q2-update.win32_1.0.0.201904181610/tools/bin/../lib/gcc/arm-none-eabi/7.3.1/thumb/v7e-m/fpv4-sp/hard/crtbegin.o
                0x000000002001d0d8                . = ALIGN (0x4)

.bss            0x000000002001d0d8      0xc5c load address 0x000000000807df5c
                0x000000002001d0d8                _sbss = .
                0x000000002001d0d8                __bss_start__ = _sbss
 *(.bss)
 .bss           0x000000002001d0d8       0x1c d:/st/stm32cubeide_1.3.0/stm32cubeide/plugins/com.st.stm32cube.ide.mcu.externaltools.gnu-tools-for-stm32.7-2018-q2-update.win32_1.0.0.201904181610/tools/bin/../lib/gcc/arm-none-eabi/7.3.1/thumb/v7e-m/fpv4-sp/hard/crtbegin.o
 *(.bss*)
 .bss.refresh   0x000000002001d0f4        0x1 Core/Src/main.o
                0x000000002001d0f4                refresh
 .bss.cleardone
                0x000000002001d0f5        0x1 Core/Src/main.o
                0x000000002001d0f5                cleardone
 *fill*         0x000000002001d0f6        0x2 
 .bss.play      0x000000002001d0f8        0x4 Core/Src/main.o
                0x000000002001d0f8                play
 .bss.fire      0x000000002001d0fc        0x4 Core/Src/main.o
                0x000000002001d0fc                fire
 .bss.score     0x000000002001d100        0x4 Core/Src/main.o
                0x000000002001d100                score
 .bss.shot      0x000000002001d104        0x4 Core/Src/main.o
                0x000000002001d104                shot
 .bss.bottom    0x000000002001d108        0x4 Core/Src/main.o
                0x000000002001d108                bottom
 .bss.ashot     0x000000002001d10c        0x4 Core/Src/main.o
                0x000000002001d10c                ashot
 .bss.a         0x000000002001d110        0x4 Core/Src/main.o
                0x000000002001d110                a
 .bss.d         0x000000002001d114        0x4 Core/Src/main.o
                0x000000002001d114                d
 .bss.heap_end.6424
                0x000000002001d118        0x4 Core/Src/sysmem.o
 .bss.__malloc_free_list
                0x000000002001d11c        0x4 d:/st/stm32cubeide_1.3.0/stm32cubeide/plugins/com.st.stm32cube.ide.mcu.externaltools.gnu-tools-for-stm32.7-2018-q2-update.win32_1.0.0.201904181610/tools/bin/../lib/gcc/arm-none-eabi/7.3.1/../../../../arm-none-eabi/lib/thumb/v7e-m/fpv4-sp/hard\libc_nano.a(lib_a-nano-mallocr.o)
                0x000000002001d11c                __malloc_free_list
 .bss.__malloc_sbrk_start
                0x000000002001d120        0x4 d:/st/stm32cubeide_1.3.0/stm32cubeide/plugins/com.st.stm32cube.ide.mcu.externaltools.gnu-tools-for-stm32.7-2018-q2-update.win32_1.0.0.201904181610/tools/bin/../lib/gcc/arm-none-eabi/7.3.1/../../../../arm-none-eabi/lib/thumb/v7e-m/fpv4-sp/hard\libc_nano.a(lib_a-nano-mallocr.o)
                0x000000002001d120                __malloc_sbrk_start
 *(COMMON)
 COMMON         0x000000002001d124      0xc08 Core/Src/main.o
                0x000000002001d124                sprites
                0x000000002001d664                barrierC
                0x000000002001d754                barrierB
                0x000000002001d844                hdma_memtomem_dma2_stream0
                0x000000002001d8a4                Xlaser
                0x000000002001d8a8                Yposprev
                0x000000002001d8ac                invaderX
                0x000000002001d8c4                Ylaser
                0x000000002001d8c8                Xposprev
                0x000000002001d8cc                hdma_spi3_tx
                0x000000002001d92c                barrierA
                0x000000002001da1c                ptrsprite
                0x000000002001da20                amissy
                0x000000002001da24                alien
                0x000000002001dcc4                Ylaserprev
                0x000000002001dcc8                amissx
                0x000000002001dccc                invaderY
                0x000000002001dce4                hi2s3
 COMMON         0x000000002001dd2c        0x4 Drivers/STM32F4xx_HAL_Driver/Src/stm32f4xx_hal.o
                0x000000002001dd2c                uwTick
 COMMON         0x000000002001dd30        0x4 d:/st/stm32cubeide_1.3.0/stm32cubeide/plugins/com.st.stm32cube.ide.mcu.externaltools.gnu-tools-for-stm32.7-2018-q2-update.win32_1.0.0.201904181610/tools/bin/../lib/gcc/arm-none-eabi/7.3.1/../../../../arm-none-eabi/lib/thumb/v7e-m/fpv4-sp/hard\libc_nano.a(lib_a-reent.o)
                0x000000002001dd30                errno
                0x000000002001dd34                . = ALIGN (0x4)
                0x000000002001dd34                _ebss = .
                0x000000002001dd34                __bss_end__ = _ebss

._user_heap_stack
                0x000000002001dd34      0x604 load address 0x000000000807df5c
                0x000000002001dd38                . = ALIGN (0x8)
 *fill*         0x000000002001dd34        0x4 
                0x000000002001dd38                PROVIDE (end = .)
                [!provide]                        PROVIDE (_end = .)
                0x000000002001df38                . = (. + _Min_Heap_Size)
 *fill*         0x000000002001dd38      0x200 
                0x000000002001e338                . = (. + _Min_Stack_Size)
 *fill*         0x000000002001df38      0x400 
                0x000000002001e338                . = ALIGN (0x8)

/DISCARD/
 libc.a(*)
 libm.a(*)
 libgcc.a(*)

.ARM.attributes
                0x0000000000000000       0x30
 *(.ARM.attributes)
 .ARM.attributes
                0x0000000000000000       0x22 d:/st/stm32cubeide_1.3.0/stm32cubeide/plugins/com.st.stm32cube.ide.mcu.externaltools.gnu-tools-for-stm32.7-2018-q2-update.win32_1.0.0.201904181610/tools/bin/../lib/gcc/arm-none-eabi/7.3.1/thumb/v7e-m/fpv4-sp/hard/crti.o
 .ARM.attributes
                0x0000000000000022       0x34 d:/st/stm32cubeide_1.3.0/stm32cubeide/plugins/com.st.stm32cube.ide.mcu.externaltools.gnu-tools-for-stm32.7-2018-q2-update.win32_1.0.0.201904181610/tools/bin/../lib/gcc/arm-none-eabi/7.3.1/thumb/v7e-m/fpv4-sp/hard/crtbegin.o
 .ARM.attributes
                0x0000000000000056       0x39 Core/Src/Sprites.o
 .ARM.attributes
                0x000000000000008f       0x39 Core/Src/main.o
 .ARM.attributes
                0x00000000000000c8       0x39 Core/Src/stm32f4xx_hal_msp.o
 .ARM.attributes
                0x0000000000000101       0x39 Core/Src/stm32f4xx_it.o
 .ARM.attributes
                0x000000000000013a       0x39 Core/Src/sysmem.o
 .ARM.attributes
                0x0000000000000173       0x39 Core/Src/system_stm32f4xx.o
 .ARM.attributes
                0x00000000000001ac       0x21 Core/Startup/startup_stm32f411vetx.o
 .ARM.attributes
                0x00000000000001cd       0x39 Drivers/STM32F4xx_HAL_Driver/Src/stm32f4xx_hal.o
 .ARM.attributes
                0x0000000000000206       0x39 Drivers/STM32F4xx_HAL_Driver/Src/stm32f4xx_hal_cortex.o
 .ARM.attributes
                0x000000000000023f       0x39 Drivers/STM32F4xx_HAL_Driver/Src/stm32f4xx_hal_dma.o
 .ARM.attributes
                0x0000000000000278       0x39 Drivers/STM32F4xx_HAL_Driver/Src/stm32f4xx_hal_gpio.o
 .ARM.attributes
                0x00000000000002b1       0x39 Drivers/STM32F4xx_HAL_Driver/Src/stm32f4xx_hal_i2s.o
 .ARM.attributes
                0x00000000000002ea       0x39 Drivers/STM32F4xx_HAL_Driver/Src/stm32f4xx_hal_i2s_ex.o
 .ARM.attributes
                0x0000000000000323       0x39 Drivers/STM32F4xx_HAL_Driver/Src/stm32f4xx_hal_rcc.o
 .ARM.attributes
                0x000000000000035c       0x39 Drivers/STM32F4xx_HAL_Driver/Src/stm32f4xx_hal_rcc_ex.o
 .ARM.attributes
                0x0000000000000395       0x34 d:/st/stm32cubeide_1.3.0/stm32cubeide/plugins/com.st.stm32cube.ide.mcu.externaltools.gnu-tools-for-stm32.7-2018-q2-update.win32_1.0.0.201904181610/tools/bin/../lib/gcc/arm-none-eabi/7.3.1/../../../../arm-none-eabi/lib/thumb/v7e-m/fpv4-sp/hard\libc_nano.a(lib_a-errno.o)
 .ARM.attributes
                0x00000000000003c9       0x34 d:/st/stm32cubeide_1.3.0/stm32cubeide/plugins/com.st.stm32cube.ide.mcu.externaltools.gnu-tools-for-stm32.7-2018-q2-update.win32_1.0.0.201904181610/tools/bin/../lib/gcc/arm-none-eabi/7.3.1/../../../../arm-none-eabi/lib/thumb/v7e-m/fpv4-sp/hard\libc_nano.a(lib_a-impure.o)
 .ARM.attributes
                0x00000000000003fd       0x34 d:/st/stm32cubeide_1.3.0/stm32cubeide/plugins/com.st.stm32cube.ide.mcu.externaltools.gnu-tools-for-stm32.7-2018-q2-update.win32_1.0.0.201904181610/tools/bin/../lib/gcc/arm-none-eabi/7.3.1/../../../../arm-none-eabi/lib/thumb/v7e-m/fpv4-sp/hard\libc_nano.a(lib_a-init.o)
 .ARM.attributes
                0x0000000000000431       0x34 d:/st/stm32cubeide_1.3.0/stm32cubeide/plugins/com.st.stm32cube.ide.mcu.externaltools.gnu-tools-for-stm32.7-2018-q2-update.win32_1.0.0.201904181610/tools/bin/../lib/gcc/arm-none-eabi/7.3.1/../../../../arm-none-eabi/lib/thumb/v7e-m/fpv4-sp/hard\libc_nano.a(lib_a-memset.o)
 .ARM.attributes
                0x0000000000000465       0x34 d:/st/stm32cubeide_1.3.0/stm32cubeide/plugins/com.st.stm32cube.ide.mcu.externaltools.gnu-tools-for-stm32.7-2018-q2-update.win32_1.0.0.201904181610/tools/bin/../lib/gcc/arm-none-eabi/7.3.1/../../../../arm-none-eabi/lib/thumb/v7e-m/fpv4-sp/hard\libc_nano.a(lib_a-rand.o)
 .ARM.attributes
                0x0000000000000499       0x34 d:/st/stm32cubeide_1.3.0/stm32cubeide/plugins/com.st.stm32cube.ide.mcu.externaltools.gnu-tools-for-stm32.7-2018-q2-update.win32_1.0.0.201904181610/tools/bin/../lib/gcc/arm-none-eabi/7.3.1/../../../../arm-none-eabi/lib/thumb/v7e-m/fpv4-sp/hard\libc_nano.a(lib_a-time.o)
 .ARM.attributes
                0x00000000000004cd       0x34 d:/st/stm32cubeide_1.3.0/stm32cubeide/plugins/com.st.stm32cube.ide.mcu.externaltools.gnu-tools-for-stm32.7-2018-q2-update.win32_1.0.0.201904181610/tools/bin/../lib/gcc/arm-none-eabi/7.3.1/../../../../arm-none-eabi/lib/thumb/v7e-m/fpv4-sp/hard\libc_nano.a(lib_a-gettimeofdayr.o)
 .ARM.attributes
                0x0000000000000501       0x34 d:/st/stm32cubeide_1.3.0/stm32cubeide/plugins/com.st.stm32cube.ide.mcu.externaltools.gnu-tools-for-stm32.7-2018-q2-update.win32_1.0.0.201904181610/tools/bin/../lib/gcc/arm-none-eabi/7.3.1/../../../../arm-none-eabi/lib/thumb/v7e-m/fpv4-sp/hard\libc_nano.a(lib_a-malloc.o)
 .ARM.attributes
                0x0000000000000535       0x34 d:/st/stm32cubeide_1.3.0/stm32cubeide/plugins/com.st.stm32cube.ide.mcu.externaltools.gnu-tools-for-stm32.7-2018-q2-update.win32_1.0.0.201904181610/tools/bin/../lib/gcc/arm-none-eabi/7.3.1/../../../../arm-none-eabi/lib/thumb/v7e-m/fpv4-sp/hard\libc_nano.a(lib_a-nano-mallocr.o)
 .ARM.attributes
                0x0000000000000569       0x34 d:/st/stm32cubeide_1.3.0/stm32cubeide/plugins/com.st.stm32cube.ide.mcu.externaltools.gnu-tools-for-stm32.7-2018-q2-update.win32_1.0.0.201904181610/tools/bin/../lib/gcc/arm-none-eabi/7.3.1/../../../../arm-none-eabi/lib/thumb/v7e-m/fpv4-sp/hard\libc_nano.a(lib_a-reent.o)
 .ARM.attributes
                0x000000000000059d       0x34 d:/st/stm32cubeide_1.3.0/stm32cubeide/plugins/com.st.stm32cube.ide.mcu.externaltools.gnu-tools-for-stm32.7-2018-q2-update.win32_1.0.0.201904181610/tools/bin/../lib/gcc/arm-none-eabi/7.3.1/../../../../arm-none-eabi/lib/thumb/v7e-m/fpv4-sp/hard\libc_nano.a(lib_a-sbrkr.o)
 .ARM.attributes
                0x00000000000005d1       0x34 d:/st/stm32cubeide_1.3.0/stm32cubeide/plugins/com.st.stm32cube.ide.mcu.externaltools.gnu-tools-for-stm32.7-2018-q2-update.win32_1.0.0.201904181610/tools/bin/../lib/gcc/arm-none-eabi/7.3.1/../../../../arm-none-eabi/lib/thumb/v7e-m/fpv4-sp/hard\libc_nano.a(lib_a-mlock.o)
 .ARM.attributes
                0x0000000000000605       0x22 d:/st/stm32cubeide_1.3.0/stm32cubeide/plugins/com.st.stm32cube.ide.mcu.externaltools.gnu-tools-for-stm32.7-2018-q2-update.win32_1.0.0.201904181610/tools/bin/../lib/gcc/arm-none-eabi/7.3.1/thumb/v7e-m/fpv4-sp/hard\libgcc.a(_aeabi_uldivmod.o)
 .ARM.attributes
                0x0000000000000627       0x34 d:/st/stm32cubeide_1.3.0/stm32cubeide/plugins/com.st.stm32cube.ide.mcu.externaltools.gnu-tools-for-stm32.7-2018-q2-update.win32_1.0.0.201904181610/tools/bin/../lib/gcc/arm-none-eabi/7.3.1/thumb/v7e-m/fpv4-sp/hard\libgcc.a(_udivmoddi4.o)
 .ARM.attributes
                0x000000000000065b       0x22 d:/st/stm32cubeide_1.3.0/stm32cubeide/plugins/com.st.stm32cube.ide.mcu.externaltools.gnu-tools-for-stm32.7-2018-q2-update.win32_1.0.0.201904181610/tools/bin/../lib/gcc/arm-none-eabi/7.3.1/thumb/v7e-m/fpv4-sp/hard\libgcc.a(_dvmd_tls.o)
 .ARM.attributes
                0x000000000000067d       0x34 d:/st/stm32cubeide_1.3.0/stm32cubeide/plugins/com.st.stm32cube.ide.mcu.externaltools.gnu-tools-for-stm32.7-2018-q2-update.win32_1.0.0.201904181610/tools/bin/../lib/gcc/arm-none-eabi/7.3.1/../../../../arm-none-eabi/lib/thumb/v7e-m/fpv4-sp/hard\libnosys.a(gettod.o)
 .ARM.attributes
                0x00000000000006b1       0x22 d:/st/stm32cubeide_1.3.0/stm32cubeide/plugins/com.st.stm32cube.ide.mcu.externaltools.gnu-tools-for-stm32.7-2018-q2-update.win32_1.0.0.201904181610/tools/bin/../lib/gcc/arm-none-eabi/7.3.1/thumb/v7e-m/fpv4-sp/hard/crtn.o
OUTPUT(SpaceInvaders.elf elf32-littlearm)

.debug_info     0x0000000000000000     0x91f2
 .debug_info    0x0000000000000000      0x31b Core/Src/Sprites.o
 .debug_info    0x000000000000031b     0x204b Core/Src/main.o
 .debug_info    0x0000000000002366      0x9f2 Core/Src/stm32f4xx_hal_msp.o
 .debug_info    0x0000000000002d58      0x534 Core/Src/stm32f4xx_it.o
 .debug_info    0x000000000000328c      0x91c Core/Src/sysmem.o
 .debug_info    0x0000000000003ba8      0x57e Core/Src/system_stm32f4xx.o
 .debug_info    0x0000000000004126       0x22 Core/Startup/startup_stm32f411vetx.o
 .debug_info    0x0000000000004148      0x8d5 Drivers/STM32F4xx_HAL_Driver/Src/stm32f4xx_hal.o
 .debug_info    0x0000000000004a1d      0xd98 Drivers/STM32F4xx_HAL_Driver/Src/stm32f4xx_hal_cortex.o
 .debug_info    0x00000000000057b5      0x960 Drivers/STM32F4xx_HAL_Driver/Src/stm32f4xx_hal_dma.o
 .debug_info    0x0000000000006115      0x7d7 Drivers/STM32F4xx_HAL_Driver/Src/stm32f4xx_hal_gpio.o
 .debug_info    0x00000000000068ec      0xe56 Drivers/STM32F4xx_HAL_Driver/Src/stm32f4xx_hal_i2s.o
 .debug_info    0x0000000000007742      0xb6e Drivers/STM32F4xx_HAL_Driver/Src/stm32f4xx_hal_i2s_ex.o
 .debug_info    0x00000000000082b0      0x92a Drivers/STM32F4xx_HAL_Driver/Src/stm32f4xx_hal_rcc.o
 .debug_info    0x0000000000008bda      0x618 Drivers/STM32F4xx_HAL_Driver/Src/stm32f4xx_hal_rcc_ex.o

.debug_abbrev   0x0000000000000000     0x1b43
 .debug_abbrev  0x0000000000000000      0x150 Core/Src/Sprites.o
 .debug_abbrev  0x0000000000000150      0x35a Core/Src/main.o
 .debug_abbrev  0x00000000000004aa      0x18c Core/Src/stm32f4xx_hal_msp.o
 .debug_abbrev  0x0000000000000636      0x138 Core/Src/stm32f4xx_it.o
 .debug_abbrev  0x000000000000076e      0x1bb Core/Src/sysmem.o
 .debug_abbrev  0x0000000000000929      0x12b Core/Src/system_stm32f4xx.o
 .debug_abbrev  0x0000000000000a54       0x12 Core/Startup/startup_stm32f411vetx.o
 .debug_abbrev  0x0000000000000a66      0x1f2 Drivers/STM32F4xx_HAL_Driver/Src/stm32f4xx_hal.o
 .debug_abbrev  0x0000000000000c58      0x2fa Drivers/STM32F4xx_HAL_Driver/Src/stm32f4xx_hal_cortex.o
 .debug_abbrev  0x0000000000000f52      0x1f1 Drivers/STM32F4xx_HAL_Driver/Src/stm32f4xx_hal_dma.o
 .debug_abbrev  0x0000000000001143      0x1c9 Drivers/STM32F4xx_HAL_Driver/Src/stm32f4xx_hal_gpio.o
 .debug_abbrev  0x000000000000130c      0x22a Drivers/STM32F4xx_HAL_Driver/Src/stm32f4xx_hal_i2s.o
 .debug_abbrev  0x0000000000001536      0x255 Drivers/STM32F4xx_HAL_Driver/Src/stm32f4xx_hal_i2s_ex.o
 .debug_abbrev  0x000000000000178b      0x245 Drivers/STM32F4xx_HAL_Driver/Src/stm32f4xx_hal_rcc.o
 .debug_abbrev  0x00000000000019d0      0x173 Drivers/STM32F4xx_HAL_Driver/Src/stm32f4xx_hal_rcc_ex.o

.debug_aranges  0x0000000000000000      0x758
 .debug_aranges
                0x0000000000000000       0x30 Core/Src/Sprites.o
 .debug_aranges
                0x0000000000000030       0x88 Core/Src/main.o
 .debug_aranges
                0x00000000000000b8       0x30 Core/Src/stm32f4xx_hal_msp.o
 .debug_aranges
                0x00000000000000e8       0xa8 Core/Src/stm32f4xx_it.o
 .debug_aranges
                0x0000000000000190       0x20 Core/Src/sysmem.o
 .debug_aranges
                0x00000000000001b0       0x28 Core/Src/system_stm32f4xx.o
 .debug_aranges
                0x00000000000001d8       0x28 Core/Startup/startup_stm32f411vetx.o
 .debug_aranges
                0x0000000000000200       0xf0 Drivers/STM32F4xx_HAL_Driver/Src/stm32f4xx_hal.o
 .debug_aranges
                0x00000000000002f0      0x118 Drivers/STM32F4xx_HAL_Driver/Src/stm32f4xx_hal_cortex.o
 .debug_aranges
                0x0000000000000408       0x90 Drivers/STM32F4xx_HAL_Driver/Src/stm32f4xx_hal_dma.o
 .debug_aranges
                0x0000000000000498       0x58 Drivers/STM32F4xx_HAL_Driver/Src/stm32f4xx_hal_gpio.o
 .debug_aranges
                0x00000000000004f0      0x108 Drivers/STM32F4xx_HAL_Driver/Src/stm32f4xx_hal_i2s.o
 .debug_aranges
                0x00000000000005f8       0x88 Drivers/STM32F4xx_HAL_Driver/Src/stm32f4xx_hal_i2s_ex.o
 .debug_aranges
                0x0000000000000680       0x88 Drivers/STM32F4xx_HAL_Driver/Src/stm32f4xx_hal_rcc.o
 .debug_aranges
                0x0000000000000708       0x50 Drivers/STM32F4xx_HAL_Driver/Src/stm32f4xx_hal_rcc_ex.o

.debug_ranges   0x0000000000000000      0x670
 .debug_ranges  0x0000000000000000       0x20 Core/Src/Sprites.o
 .debug_ranges  0x0000000000000020       0x78 Core/Src/main.o
 .debug_ranges  0x0000000000000098       0x20 Core/Src/stm32f4xx_hal_msp.o
 .debug_ranges  0x00000000000000b8       0x98 Core/Src/stm32f4xx_it.o
 .debug_ranges  0x0000000000000150       0x10 Core/Src/sysmem.o
 .debug_ranges  0x0000000000000160       0x18 Core/Src/system_stm32f4xx.o
 .debug_ranges  0x0000000000000178       0x20 Core/Startup/startup_stm32f411vetx.o
 .debug_ranges  0x0000000000000198       0xe0 Drivers/STM32F4xx_HAL_Driver/Src/stm32f4xx_hal.o
 .debug_ranges  0x0000000000000278      0x108 Drivers/STM32F4xx_HAL_Driver/Src/stm32f4xx_hal_cortex.o
 .debug_ranges  0x0000000000000380       0x80 Drivers/STM32F4xx_HAL_Driver/Src/stm32f4xx_hal_dma.o
 .debug_ranges  0x0000000000000400       0x48 Drivers/STM32F4xx_HAL_Driver/Src/stm32f4xx_hal_gpio.o
 .debug_ranges  0x0000000000000448       0xf8 Drivers/STM32F4xx_HAL_Driver/Src/stm32f4xx_hal_i2s.o
 .debug_ranges  0x0000000000000540       0x78 Drivers/STM32F4xx_HAL_Driver/Src/stm32f4xx_hal_i2s_ex.o
 .debug_ranges  0x00000000000005b8       0x78 Drivers/STM32F4xx_HAL_Driver/Src/stm32f4xx_hal_rcc.o
 .debug_ranges  0x0000000000000630       0x40 Drivers/STM32F4xx_HAL_Driver/Src/stm32f4xx_hal_rcc_ex.o

.debug_macro    0x0000000000000000    0x15ccf
 .debug_macro   0x0000000000000000      0x1dc Core/Src/Sprites.o
 .debug_macro   0x00000000000001dc      0xa5a Core/Src/Sprites.o
 .debug_macro   0x0000000000000c36      0x184 Core/Src/Sprites.o
 .debug_macro   0x0000000000000dba       0x2e Core/Src/Sprites.o
 .debug_macro   0x0000000000000de8       0x28 Core/Src/Sprites.o
 .debug_macro   0x0000000000000e10       0x22 Core/Src/Sprites.o
 .debug_macro   0x0000000000000e32       0x8e Core/Src/Sprites.o
 .debug_macro   0x0000000000000ec0       0x51 Core/Src/Sprites.o
 .debug_macro   0x0000000000000f11       0xef Core/Src/Sprites.o
 .debug_macro   0x0000000000001000       0x6a Core/Src/Sprites.o
 .debug_macro   0x000000000000106a      0x1df Core/Src/Sprites.o
 .debug_macro   0x0000000000001249       0x1c Core/Src/Sprites.o
 .debug_macro   0x0000000000001265       0x22 Core/Src/Sprites.o
 .debug_macro   0x0000000000001287       0xdf Core/Src/Sprites.o
 .debug_macro   0x0000000000001366     0x102d Core/Src/Sprites.o
 .debug_macro   0x0000000000002393      0x11f Core/Src/Sprites.o
 .debug_macro   0x00000000000024b2     0xb937 Core/Src/Sprites.o
 .debug_macro   0x000000000000dde9       0x43 Core/Src/Sprites.o
 .debug_macro   0x000000000000de2c     0x3659 Core/Src/Sprites.o
 .debug_macro   0x0000000000011485      0x174 Core/Src/Sprites.o
 .debug_macro   0x00000000000115f9       0x5a Core/Src/Sprites.o
 .debug_macro   0x0000000000011653      0x447 Core/Src/Sprites.o
 .debug_macro   0x0000000000011a9a      0x9fe Core/Src/Sprites.o
 .debug_macro   0x0000000000012498      0x15f Core/Src/Sprites.o
 .debug_macro   0x00000000000125f7      0x117 Core/Src/Sprites.o
 .debug_macro   0x000000000001270e      0x11b Core/Src/Sprites.o
 .debug_macro   0x0000000000012829       0x27 Core/Src/Sprites.o
 .debug_macro   0x0000000000012850      0x287 Core/Src/Sprites.o
 .debug_macro   0x0000000000012ad7       0x5f Core/Src/Sprites.o
 .debug_macro   0x0000000000012b36      0x236 Core/Src/Sprites.o
 .debug_macro   0x0000000000012d6c      0x132 Core/Src/Sprites.o
 .debug_macro   0x0000000000012e9e      0x264 Core/Src/Sprites.o
 .debug_macro   0x0000000000013102       0x2e Core/Src/Sprites.o
 .debug_macro   0x0000000000013130      0x1a7 Core/Src/Sprites.o
 .debug_macro   0x00000000000132d7       0x46 Core/Src/Sprites.o
 .debug_macro   0x000000000001331d       0x4a Core/Src/Sprites.o
 .debug_macro   0x0000000000013367      0x11a Core/Src/Sprites.o
 .debug_macro   0x0000000000013481       0x85 Core/Src/Sprites.o
 .debug_macro   0x0000000000013506       0x89 Core/Src/Sprites.o
 .debug_macro   0x000000000001358f      0x126 Core/Src/Sprites.o
 .debug_macro   0x00000000000136b5       0x4c Core/Src/Sprites.o
 .debug_macro   0x0000000000013701      0x379 Core/Src/main.o
 .debug_macro   0x0000000000013a7a       0x25 Core/Src/main.o
 .debug_macro   0x0000000000013a9f       0x18 Core/Src/main.o
 .debug_macro   0x0000000000013ab7       0x46 Core/Src/main.o
 .debug_macro   0x0000000000013afd       0x3c Core/Src/main.o
 .debug_macro   0x0000000000013b39       0x34 Core/Src/main.o
 .debug_macro   0x0000000000013b6d       0x16 Core/Src/main.o
 .debug_macro   0x0000000000013b83       0x35 Core/Src/main.o
 .debug_macro   0x0000000000013bb8       0x52 Core/Src/main.o
 .debug_macro   0x0000000000013c0a       0x1f Core/Src/main.o
 .debug_macro   0x0000000000013c29       0x43 Core/Src/main.o
 .debug_macro   0x0000000000013c6c       0x20 Core/Src/main.o
 .debug_macro   0x0000000000013c8c      0x1a3 Core/Src/main.o
 .debug_macro   0x0000000000013e2f      0x32a Core/Src/main.o
 .debug_macro   0x0000000000014159       0x16 Core/Src/main.o
 .debug_macro   0x000000000001416f       0x29 Core/Src/main.o
 .debug_macro   0x0000000000014198       0x16 Core/Src/main.o
 .debug_macro   0x00000000000141ae       0x10 Core/Src/main.o
 .debug_macro   0x00000000000141be       0x10 Core/Src/main.o
 .debug_macro   0x00000000000141ce       0x10 Core/Src/main.o
 .debug_macro   0x00000000000141de       0x1c Core/Src/main.o
 .debug_macro   0x00000000000141fa       0x52 Core/Src/main.o
 .debug_macro   0x000000000001424c       0x40 Core/Src/main.o
 .debug_macro   0x000000000001428c       0x10 Core/Src/main.o
 .debug_macro   0x000000000001429c       0x40 Core/Src/main.o
 .debug_macro   0x00000000000142dc       0xd7 Core/Src/main.o
 .debug_macro   0x00000000000143b3       0x1c Core/Src/main.o
 .debug_macro   0x00000000000143cf       0x3d Core/Src/main.o
 .debug_macro   0x000000000001440c       0x35 Core/Src/main.o
 .debug_macro   0x0000000000014441      0x1d3 Core/Src/stm32f4xx_hal_msp.o
 .debug_macro   0x0000000000014614      0x1dd Core/Src/stm32f4xx_it.o
 .debug_macro   0x00000000000147f1      0x1ae Core/Src/sysmem.o
 .debug_macro   0x000000000001499f      0x23b Core/Src/sysmem.o
 .debug_macro   0x0000000000014bda       0x16 Core/Src/sysmem.o
 .debug_macro   0x0000000000014bf0      0x1cf Core/Src/system_stm32f4xx.o
 .debug_macro   0x0000000000014dbf      0x229 Drivers/STM32F4xx_HAL_Driver/Src/stm32f4xx_hal.o
 .debug_macro   0x0000000000014fe8      0x1c9 Drivers/STM32F4xx_HAL_Driver/Src/stm32f4xx_hal_cortex.o
 .debug_macro   0x00000000000151b1      0x1cf Drivers/STM32F4xx_HAL_Driver/Src/stm32f4xx_hal_dma.o
 .debug_macro   0x0000000000015380      0x1ff Drivers/STM32F4xx_HAL_Driver/Src/stm32f4xx_hal_gpio.o
 .debug_macro   0x000000000001557f      0x1d1 Drivers/STM32F4xx_HAL_Driver/Src/stm32f4xx_hal_i2s.o
 .debug_macro   0x0000000000015750      0x1c9 Drivers/STM32F4xx_HAL_Driver/Src/stm32f4xx_hal_i2s_ex.o
 .debug_macro   0x0000000000015919      0x1ed Drivers/STM32F4xx_HAL_Driver/Src/stm32f4xx_hal_rcc.o
 .debug_macro   0x0000000000015b06      0x1c9 Drivers/STM32F4xx_HAL_Driver/Src/stm32f4xx_hal_rcc_ex.o

.debug_line     0x0000000000000000     0x80a0
 .debug_line    0x0000000000000000      0x72c Core/Src/Sprites.o
 .debug_line    0x000000000000072c      0xcec Core/Src/main.o
 .debug_line    0x0000000000001418      0x6ed Core/Src/stm32f4xx_hal_msp.o
 .debug_line    0x0000000000001b05      0x7f4 Core/Src/stm32f4xx_it.o
 .debug_line    0x00000000000022f9      0x55e Core/Src/sysmem.o
 .debug_line    0x0000000000002857      0x6c4 Core/Src/system_stm32f4xx.o
 .debug_line    0x0000000000002f1b       0x85 Core/Startup/startup_stm32f411vetx.o
 .debug_line    0x0000000000002fa0      0x8ae Drivers/STM32F4xx_HAL_Driver/Src/stm32f4xx_hal.o
 .debug_line    0x000000000000384e      0x9d2 Drivers/STM32F4xx_HAL_Driver/Src/stm32f4xx_hal_cortex.o
 .debug_line    0x0000000000004220      0x97c Drivers/STM32F4xx_HAL_Driver/Src/stm32f4xx_hal_dma.o
 .debug_line    0x0000000000004b9c      0x851 Drivers/STM32F4xx_HAL_Driver/Src/stm32f4xx_hal_gpio.o
 .debug_line    0x00000000000053ed      0xd4a Drivers/STM32F4xx_HAL_Driver/Src/stm32f4xx_hal_i2s.o
 .debug_line    0x0000000000006137      0xe78 Drivers/STM32F4xx_HAL_Driver/Src/stm32f4xx_hal_i2s_ex.o
 .debug_line    0x0000000000006faf      0x906 Drivers/STM32F4xx_HAL_Driver/Src/stm32f4xx_hal_rcc.o
 .debug_line    0x00000000000078b5      0x7eb Drivers/STM32F4xx_HAL_Driver/Src/stm32f4xx_hal_rcc_ex.o

.debug_str      0x0000000000000000    0x85201
 .debug_str     0x0000000000000000    0x7e310 Core/Src/Sprites.o
                                      0x7e59e (size before relaxing)
 .debug_str     0x000000000007e310     0x4af8 Core/Src/main.o
                                      0x8311f (size before relaxing)
 .debug_str     0x0000000000082e08       0x53 Core/Src/stm32f4xx_hal_msp.o
                                      0x7eadc (size before relaxing)
 .debug_str     0x0000000000082e5b      0x16a Core/Src/stm32f4xx_it.o
                                      0x7e8b1 (size before relaxing)
 .debug_str     0x0000000000082fc5      0xaf0 Core/Src/sysmem.o
                                       0x7af5 (size before relaxing)
 .debug_str     0x0000000000083ab5       0xc4 Core/Src/system_stm32f4xx.o
                                      0x7e675 (size before relaxing)
 .debug_str     0x0000000000083b79       0x36 Core/Startup/startup_stm32f411vetx.o
                                         0x77 (size before relaxing)
 .debug_str     0x0000000000083baf      0x58d Drivers/STM32F4xx_HAL_Driver/Src/stm32f4xx_hal.o
                                      0x7efea (size before relaxing)
 .debug_str     0x000000000008413c      0x399 Drivers/STM32F4xx_HAL_Driver/Src/stm32f4xx_hal_cortex.o
                                      0x7edc7 (size before relaxing)
 .debug_str     0x00000000000844d5      0x322 Drivers/STM32F4xx_HAL_Driver/Src/stm32f4xx_hal_dma.o
                                      0x7ea78 (size before relaxing)
 .debug_str     0x00000000000847f7      0x203 Drivers/STM32F4xx_HAL_Driver/Src/stm32f4xx_hal_gpio.o
                                      0x7e8b4 (size before relaxing)
 .debug_str     0x00000000000849fa      0x292 Drivers/STM32F4xx_HAL_Driver/Src/stm32f4xx_hal_i2s.o
                                      0x7ec17 (size before relaxing)
 .debug_str     0x0000000000084c8c      0x1fc Drivers/STM32F4xx_HAL_Driver/Src/stm32f4xx_hal_i2s_ex.o
                                      0x7eb55 (size before relaxing)
 .debug_str     0x0000000000084e88      0x24e Drivers/STM32F4xx_HAL_Driver/Src/stm32f4xx_hal_rcc.o
                                      0x7ea62 (size before relaxing)
 .debug_str     0x00000000000850d6      0x12b Drivers/STM32F4xx_HAL_Driver/Src/stm32f4xx_hal_rcc_ex.o
                                      0x7e7e0 (size before relaxing)

.comment        0x0000000000000000       0x7b
 .comment       0x0000000000000000       0x7b Core/Src/Sprites.o
                                         0x7c (size before relaxing)
 .comment       0x000000000000007b       0x7c Core/Src/main.o
 .comment       0x000000000000007b       0x7c Core/Src/stm32f4xx_hal_msp.o
 .comment       0x000000000000007b       0x7c Core/Src/stm32f4xx_it.o
 .comment       0x000000000000007b       0x7c Core/Src/sysmem.o
 .comment       0x000000000000007b       0x7c Core/Src/system_stm32f4xx.o
 .comment       0x000000000000007b       0x7c Drivers/STM32F4xx_HAL_Driver/Src/stm32f4xx_hal.o
 .comment       0x000000000000007b       0x7c Drivers/STM32F4xx_HAL_Driver/Src/stm32f4xx_hal_cortex.o
 .comment       0x000000000000007b       0x7c Drivers/STM32F4xx_HAL_Driver/Src/stm32f4xx_hal_dma.o
 .comment       0x000000000000007b       0x7c Drivers/STM32F4xx_HAL_Driver/Src/stm32f4xx_hal_gpio.o
 .comment       0x000000000000007b       0x7c Drivers/STM32F4xx_HAL_Driver/Src/stm32f4xx_hal_i2s.o
 .comment       0x000000000000007b       0x7c Drivers/STM32F4xx_HAL_Driver/Src/stm32f4xx_hal_i2s_ex.o
 .comment       0x000000000000007b       0x7c Drivers/STM32F4xx_HAL_Driver/Src/stm32f4xx_hal_rcc.o
 .comment       0x000000000000007b       0x7c Drivers/STM32F4xx_HAL_Driver/Src/stm32f4xx_hal_rcc_ex.o

.debug_frame    0x0000000000000000     0x1d98
 .debug_frame   0x0000000000000000       0x84 Core/Src/Sprites.o
 .debug_frame   0x0000000000000084      0x20c Core/Src/main.o
 .debug_frame   0x0000000000000290       0x80 Core/Src/stm32f4xx_hal_msp.o
 .debug_frame   0x0000000000000310      0x208 Core/Src/stm32f4xx_it.o
 .debug_frame   0x0000000000000518       0x34 Core/Src/sysmem.o
 .debug_frame   0x000000000000054c       0x58 Core/Src/system_stm32f4xx.o
 .debug_frame   0x00000000000005a4      0x374 Drivers/STM32F4xx_HAL_Driver/Src/stm32f4xx_hal.o
 .debug_frame   0x0000000000000918      0x498 Drivers/STM32F4xx_HAL_Driver/Src/stm32f4xx_hal_cortex.o
 .debug_frame   0x0000000000000db0      0x250 Drivers/STM32F4xx_HAL_Driver/Src/stm32f4xx_hal_dma.o
 .debug_frame   0x0000000000001000      0x14c Drivers/STM32F4xx_HAL_Driver/Src/stm32f4xx_hal_gpio.o
 .debug_frame   0x000000000000114c      0x484 Drivers/STM32F4xx_HAL_Driver/Src/stm32f4xx_hal_i2s.o
 .debug_frame   0x00000000000015d0      0x220 Drivers/STM32F4xx_HAL_Driver/Src/stm32f4xx_hal_i2s_ex.o
 .debug_frame   0x00000000000017f0      0x1f0 Drivers/STM32F4xx_HAL_Driver/Src/stm32f4xx_hal_rcc.o
 .debug_frame   0x00000000000019e0      0x118 Drivers/STM32F4xx_HAL_Driver/Src/stm32f4xx_hal_rcc_ex.o
 .debug_frame   0x0000000000001af8       0x20 d:/st/stm32cubeide_1.3.0/stm32cubeide/plugins/com.st.stm32cube.ide.mcu.externaltools.gnu-tools-for-stm32.7-2018-q2-update.win32_1.0.0.201904181610/tools/bin/../lib/gcc/arm-none-eabi/7.3.1/../../../../arm-none-eabi/lib/thumb/v7e-m/fpv4-sp/hard\libc_nano.a(lib_a-errno.o)
 .debug_frame   0x0000000000001b18       0x2c d:/st/stm32cubeide_1.3.0/stm32cubeide/plugins/com.st.stm32cube.ide.mcu.externaltools.gnu-tools-for-stm32.7-2018-q2-update.win32_1.0.0.201904181610/tools/bin/../lib/gcc/arm-none-eabi/7.3.1/../../../../arm-none-eabi/lib/thumb/v7e-m/fpv4-sp/hard\libc_nano.a(lib_a-init.o)
 .debug_frame   0x0000000000001b44       0x20 d:/st/stm32cubeide_1.3.0/stm32cubeide/plugins/com.st.stm32cube.ide.mcu.externaltools.gnu-tools-for-stm32.7-2018-q2-update.win32_1.0.0.201904181610/tools/bin/../lib/gcc/arm-none-eabi/7.3.1/../../../../arm-none-eabi/lib/thumb/v7e-m/fpv4-sp/hard\libc_nano.a(lib_a-memset.o)
 .debug_frame   0x0000000000001b64       0x48 d:/st/stm32cubeide_1.3.0/stm32cubeide/plugins/com.st.stm32cube.ide.mcu.externaltools.gnu-tools-for-stm32.7-2018-q2-update.win32_1.0.0.201904181610/tools/bin/../lib/gcc/arm-none-eabi/7.3.1/../../../../arm-none-eabi/lib/thumb/v7e-m/fpv4-sp/hard\libc_nano.a(lib_a-rand.o)
 .debug_frame   0x0000000000001bac       0x2c d:/st/stm32cubeide_1.3.0/stm32cubeide/plugins/com.st.stm32cube.ide.mcu.externaltools.gnu-tools-for-stm32.7-2018-q2-update.win32_1.0.0.201904181610/tools/bin/../lib/gcc/arm-none-eabi/7.3.1/../../../../arm-none-eabi/lib/thumb/v7e-m/fpv4-sp/hard\libc_nano.a(lib_a-time.o)
 .debug_frame   0x0000000000001bd8       0x2c d:/st/stm32cubeide_1.3.0/stm32cubeide/plugins/com.st.stm32cube.ide.mcu.externaltools.gnu-tools-for-stm32.7-2018-q2-update.win32_1.0.0.201904181610/tools/bin/../lib/gcc/arm-none-eabi/7.3.1/../../../../arm-none-eabi/lib/thumb/v7e-m/fpv4-sp/hard\libc_nano.a(lib_a-gettimeofdayr.o)
 .debug_frame   0x0000000000001c04       0x30 d:/st/stm32cubeide_1.3.0/stm32cubeide/plugins/com.st.stm32cube.ide.mcu.externaltools.gnu-tools-for-stm32.7-2018-q2-update.win32_1.0.0.201904181610/tools/bin/../lib/gcc/arm-none-eabi/7.3.1/../../../../arm-none-eabi/lib/thumb/v7e-m/fpv4-sp/hard\libc_nano.a(lib_a-malloc.o)
 .debug_frame   0x0000000000001c34       0x2c d:/st/stm32cubeide_1.3.0/stm32cubeide/plugins/com.st.stm32cube.ide.mcu.externaltools.gnu-tools-for-stm32.7-2018-q2-update.win32_1.0.0.201904181610/tools/bin/../lib/gcc/arm-none-eabi/7.3.1/../../../../arm-none-eabi/lib/thumb/v7e-m/fpv4-sp/hard\libc_nano.a(lib_a-nano-mallocr.o)
 .debug_frame   0x0000000000001c60       0x5c d:/st/stm32cubeide_1.3.0/stm32cubeide/plugins/com.st.stm32cube.ide.mcu.externaltools.gnu-tools-for-stm32.7-2018-q2-update.win32_1.0.0.201904181610/tools/bin/../lib/gcc/arm-none-eabi/7.3.1/../../../../arm-none-eabi/lib/thumb/v7e-m/fpv4-sp/hard\libc_nano.a(lib_a-reent.o)
 .debug_frame   0x0000000000001cbc       0x2c d:/st/stm32cubeide_1.3.0/stm32cubeide/plugins/com.st.stm32cube.ide.mcu.externaltools.gnu-tools-for-stm32.7-2018-q2-update.win32_1.0.0.201904181610/tools/bin/../lib/gcc/arm-none-eabi/7.3.1/../../../../arm-none-eabi/lib/thumb/v7e-m/fpv4-sp/hard\libc_nano.a(lib_a-sbrkr.o)
 .debug_frame   0x0000000000001ce8       0x30 d:/st/stm32cubeide_1.3.0/stm32cubeide/plugins/com.st.stm32cube.ide.mcu.externaltools.gnu-tools-for-stm32.7-2018-q2-update.win32_1.0.0.201904181610/tools/bin/../lib/gcc/arm-none-eabi/7.3.1/../../../../arm-none-eabi/lib/thumb/v7e-m/fpv4-sp/hard\libc_nano.a(lib_a-mlock.o)
 .debug_frame   0x0000000000001d18       0x2c d:/st/stm32cubeide_1.3.0/stm32cubeide/plugins/com.st.stm32cube.ide.mcu.externaltools.gnu-tools-for-stm32.7-2018-q2-update.win32_1.0.0.201904181610/tools/bin/../lib/gcc/arm-none-eabi/7.3.1/thumb/v7e-m/fpv4-sp/hard\libgcc.a(_aeabi_uldivmod.o)
 .debug_frame   0x0000000000001d44       0x34 d:/st/stm32cubeide_1.3.0/stm32cubeide/plugins/com.st.stm32cube.ide.mcu.externaltools.gnu-tools-for-stm32.7-2018-q2-update.win32_1.0.0.201904181610/tools/bin/../lib/gcc/arm-none-eabi/7.3.1/thumb/v7e-m/fpv4-sp/hard\libgcc.a(_udivmoddi4.o)
 .debug_frame   0x0000000000001d78       0x20 d:/st/stm32cubeide_1.3.0/stm32cubeide/plugins/com.st.stm32cube.ide.mcu.externaltools.gnu-tools-for-stm32.7-2018-q2-update.win32_1.0.0.201904181610/tools/bin/../lib/gcc/arm-none-eabi/7.3.1/../../../../arm-none-eabi/lib/thumb/v7e-m/fpv4-sp/hard\libnosys.a(gettod.o)

.stab           0x0000000000000000       0x24
 .stab          0x0000000000000000       0x24 d:/st/stm32cubeide_1.3.0/stm32cubeide/plugins/com.st.stm32cube.ide.mcu.externaltools.gnu-tools-for-stm32.7-2018-q2-update.win32_1.0.0.201904181610/tools/bin/../lib/gcc/arm-none-eabi/7.3.1/../../../../arm-none-eabi/lib/thumb/v7e-m/fpv4-sp/hard\libnosys.a(gettod.o)

.stabstr        0x0000000000000000       0x4e
 .stabstr       0x0000000000000000       0x4e d:/st/stm32cubeide_1.3.0/stm32cubeide/plugins/com.st.stm32cube.ide.mcu.externaltools.gnu-tools-for-stm32.7-2018-q2-update.win32_1.0.0.201904181610/tools/bin/../lib/gcc/arm-none-eabi/7.3.1/../../../../arm-none-eabi/lib/thumb/v7e-m/fpv4-sp/hard\libnosys.a(gettod.o)
